<html>
<body>
<pre>
<h1>µVision Build Log</h1>
<h2>Tool Versions:</h2>
IDE-Version: ¦ÌVision V5.32.0.0
Copyright (C) 2020 ARM Ltd and ARM Germany GmbH. All rights reserved.
License Information: sink sink, sink, LIC=LSNXV-PPNXP-01MP1-C5ET2-YHSE8-CL8FM
 
Tool Versions:
Toolchain:       MDK-ARM Plus  Version: 5.32.0.0
Toolchain Path:  D:\Keil_stm32\ARM\ARMCC\Bin
C Compiler:      Armcc.exe V5.06 update 7 (build 960)
Assembler:       Armasm.exe V5.06 update 7 (build 960)
Linker/Locator:  ArmLink.exe V5.06 update 7 (build 960)
Library Manager: ArmAr.exe V5.06 update 7 (build 960)
Hex Converter:   FromElf.exe V5.06 update 7 (build 960)
CPU DLL:         SARMCM3.DLL V5.32.0.0
Dialog DLL:      DCM.DLL V1.17.3.0
Target DLL:      CMSIS_AGDI.dll V1.32.12.0
Dialog DLL:      TCM.DLL V1.46.0.0
 
<h2>Project:</h2>
d:\Study\stm32Project\demo\demo.uvprojx
Project File Date:  01/17/2025

<h2>Output:</h2>
*** Using Compiler 'V5.06 update 7 (build 960)', folder: 'D:\Keil_stm32\ARM\ARMCC\Bin'
Rebuild target 'Target 1'
Note: source file '.\Middlewares\adc.c' - object file renamed from '.\Objects\adc.o' to '.\Objects\adc_1.o'.
assembling startup_stm32f10x_md.s...
compiling core_cm3.c...
compiling stm32f10x_cec.c...
compiling stm32f10x_dac.c...
compiling stm32f10x_dbgmcu.c...
compiling misc.c...
compiling stm32f10x_bkp.c...
compiling stm32f10x_crc.c...
compiling system_stm32f10x.c...
compiling stm32f10x_dma.c...
compiling stm32f10x_adc.c...
compiling stm32f10x_can.c...
compiling stm32f10x_exti.c...
compiling stm32f10x_flash.c...
compiling stm32f10x_iwdg.c...
compiling stm32f10x_gpio.c...
compiling stm32f10x_fsmc.c...
compiling stm32f10x_i2c.c...
compiling stm32f10x_rtc.c...
compiling stm32f10x_spi.c...
compiling stm32f10x_pwr.c...
compiling stm32f10x_sdio.c...
compiling stm32f10x_rcc.c...
compiling servo.c...
compiling encoder.c...
compiling stm32f10x_usart.c...
compiling adc.c...
compiling stm32f10x_tim.c...
compiling stm32f10x_it.c...
compiling main.c...
compiling stm32f10x_wwdg.c...
compiling OLED.c...
compiling mpu6050.c...
compiling beeper.c...
compiling i2c.c...
compiling button.c...
compiling temp_sensor.c...
compiling adc.c...
compiling pwm.c...
compiling exti.c...
compiling led.c...
compiling gpio.c...
compiling light_sensor.c...
compiling system.c...
compiling menu.c...
compiling alarm.c...
compiling control.c...
compiling indicator.c...
compiling delay.c...
linking...
Program Size: Code=4032 RO-data=1812 RW-data=32 ZI-data=1680  
".\Objects\demo.axf" - 0 Error(s), 0 Warning(s).

<h2>Software Packages used:</h2>

Package Vendor: Keil
                https://www.keil.com/pack/Keil.STM32F1xx_DFP.2.4.1.pack
                Keil.STM32F1xx_DFP.2.4.1
                STMicroelectronics STM32F1 Series Device Support, Drivers and Examples

<h2>Collection of Component include folders:</h2>
  D:\Keil_stm32\Packs\Keil\STM32F1xx_DFP\2.4.1\Device\Include

<h2>Collection of Component Files used:</h2>
Build Time Elapsed:  00:00:03
</pre>
</body>
</html>
