Component: ARM Compiler 5.06 update 7 (build 960) Tool: armlink [4d3601]

==============================================================================

Section Cross References

    startup_stm32f10x_md.o(STACK) refers (Special) to heapauxi.o(.text) for __use_two_region_memory
    startup_stm32f10x_md.o(HEAP) refers (Special) to heapauxi.o(.text) for __use_two_region_memory
    startup_stm32f10x_md.o(RESET) refers (Special) to heapauxi.o(.text) for __use_two_region_memory
    startup_stm32f10x_md.o(RESET) refers to startup_stm32f10x_md.o(STACK) for __initial_sp
    startup_stm32f10x_md.o(RESET) refers to startup_stm32f10x_md.o(.text) for Reset_Handler
    startup_stm32f10x_md.o(RESET) refers to stm32f10x_it.o(i.NMI_Handler) for NMI_Handler
    startup_stm32f10x_md.o(RESET) refers to stm32f10x_it.o(i.HardFault_Handler) for HardFault_Handler
    startup_stm32f10x_md.o(RESET) refers to stm32f10x_it.o(i.MemManage_Handler) for MemManage_Handler
    startup_stm32f10x_md.o(RESET) refers to stm32f10x_it.o(i.BusFault_Handler) for BusFault_Handler
    startup_stm32f10x_md.o(RESET) refers to stm32f10x_it.o(i.UsageFault_Handler) for UsageFault_Handler
    startup_stm32f10x_md.o(RESET) refers to stm32f10x_it.o(i.SVC_Handler) for SVC_Handler
    startup_stm32f10x_md.o(RESET) refers to stm32f10x_it.o(i.DebugMon_Handler) for DebugMon_Handler
    startup_stm32f10x_md.o(RESET) refers to stm32f10x_it.o(i.PendSV_Handler) for PendSV_Handler
    startup_stm32f10x_md.o(RESET) refers to delay.o(i.SysTick_Handler) for SysTick_Handler
    startup_stm32f10x_md.o(RESET) refers to button.o(i.EXTI1_IRQHandler) for EXTI1_IRQHandler
    startup_stm32f10x_md.o(RESET) refers to button.o(i.EXTI9_5_IRQHandler) for EXTI9_5_IRQHandler
    startup_stm32f10x_md.o(RESET) refers to button.o(i.EXTI15_10_IRQHandler) for EXTI15_10_IRQHandler
    startup_stm32f10x_md.o(.text) refers (Special) to heapauxi.o(.text) for __use_two_region_memory
    startup_stm32f10x_md.o(.text) refers to system_stm32f10x.o(i.SystemInit) for SystemInit
    startup_stm32f10x_md.o(.text) refers to __main.o(!!!main) for __main
    startup_stm32f10x_md.o(.text) refers to startup_stm32f10x_md.o(HEAP) for Heap_Mem
    startup_stm32f10x_md.o(.text) refers to startup_stm32f10x_md.o(STACK) for Stack_Mem
    system_stm32f10x.o(i.SetSysClock) refers to system_stm32f10x.o(i.SetSysClockTo72) for SetSysClockTo72
    system_stm32f10x.o(i.SystemCoreClockUpdate) refers to system_stm32f10x.o(.data) for SystemCoreClock
    system_stm32f10x.o(i.SystemInit) refers to system_stm32f10x.o(i.SetSysClock) for SetSysClock
    stm32f10x_adc.o(i.ADC_DeInit) refers to stm32f10x_rcc.o(i.RCC_APB2PeriphResetCmd) for RCC_APB2PeriphResetCmd
    stm32f10x_bkp.o(i.BKP_DeInit) refers to stm32f10x_rcc.o(i.RCC_BackupResetCmd) for RCC_BackupResetCmd
    stm32f10x_can.o(i.CAN_DeInit) refers to stm32f10x_rcc.o(i.RCC_APB1PeriphResetCmd) for RCC_APB1PeriphResetCmd
    stm32f10x_can.o(i.CAN_GetITStatus) refers to stm32f10x_can.o(i.CheckITStatus) for CheckITStatus
    stm32f10x_cec.o(i.CEC_DeInit) refers to stm32f10x_rcc.o(i.RCC_APB1PeriphResetCmd) for RCC_APB1PeriphResetCmd
    stm32f10x_dac.o(i.DAC_DeInit) refers to stm32f10x_rcc.o(i.RCC_APB1PeriphResetCmd) for RCC_APB1PeriphResetCmd
    stm32f10x_flash.o(i.FLASH_EnableWriteProtection) refers to stm32f10x_flash.o(i.FLASH_WaitForLastOperation) for FLASH_WaitForLastOperation
    stm32f10x_flash.o(i.FLASH_EraseAllBank1Pages) refers to stm32f10x_flash.o(i.FLASH_WaitForLastBank1Operation) for FLASH_WaitForLastBank1Operation
    stm32f10x_flash.o(i.FLASH_EraseAllPages) refers to stm32f10x_flash.o(i.FLASH_WaitForLastOperation) for FLASH_WaitForLastOperation
    stm32f10x_flash.o(i.FLASH_EraseOptionBytes) refers to stm32f10x_flash.o(i.FLASH_GetReadOutProtectionStatus) for FLASH_GetReadOutProtectionStatus
    stm32f10x_flash.o(i.FLASH_EraseOptionBytes) refers to stm32f10x_flash.o(i.FLASH_WaitForLastOperation) for FLASH_WaitForLastOperation
    stm32f10x_flash.o(i.FLASH_ErasePage) refers to stm32f10x_flash.o(i.FLASH_WaitForLastOperation) for FLASH_WaitForLastOperation
    stm32f10x_flash.o(i.FLASH_ProgramHalfWord) refers to stm32f10x_flash.o(i.FLASH_WaitForLastOperation) for FLASH_WaitForLastOperation
    stm32f10x_flash.o(i.FLASH_ProgramOptionByteData) refers to stm32f10x_flash.o(i.FLASH_WaitForLastOperation) for FLASH_WaitForLastOperation
    stm32f10x_flash.o(i.FLASH_ProgramWord) refers to stm32f10x_flash.o(i.FLASH_WaitForLastOperation) for FLASH_WaitForLastOperation
    stm32f10x_flash.o(i.FLASH_ReadOutProtection) refers to stm32f10x_flash.o(i.FLASH_WaitForLastOperation) for FLASH_WaitForLastOperation
    stm32f10x_flash.o(i.FLASH_UserOptionByteConfig) refers to stm32f10x_flash.o(i.FLASH_WaitForLastOperation) for FLASH_WaitForLastOperation
    stm32f10x_flash.o(i.FLASH_WaitForLastBank1Operation) refers to stm32f10x_flash.o(i.FLASH_GetBank1Status) for FLASH_GetBank1Status
[...]
    Removing stm32f10x_tim.o(i.TIM_CCxCmd), (30 bytes).
    Removing stm32f10x_tim.o(i.TIM_CCxNCmd), (30 bytes).
    Removing stm32f10x_tim.o(i.TIM_ClearFlag), (6 bytes).
    Removing stm32f10x_tim.o(i.TIM_ClearITPendingBit), (6 bytes).
    Removing stm32f10x_tim.o(i.TIM_ClearOC1Ref), (18 bytes).
    Removing stm32f10x_tim.o(i.TIM_ClearOC2Ref), (24 bytes).
    Removing stm32f10x_tim.o(i.TIM_ClearOC3Ref), (18 bytes).
    Removing stm32f10x_tim.o(i.TIM_ClearOC4Ref), (24 bytes).
    Removing stm32f10x_tim.o(i.TIM_CounterModeConfig), (18 bytes).
    Removing stm32f10x_tim.o(i.TIM_CtrlPWMOutputs), (30 bytes).
    Removing stm32f10x_tim.o(i.TIM_DMACmd), (18 bytes).
    Removing stm32f10x_tim.o(i.TIM_DMAConfig), (10 bytes).
    Removing stm32f10x_tim.o(i.TIM_DeInit), (488 bytes).
    Removing stm32f10x_tim.o(i.TIM_ETRClockMode1Config), (54 bytes).
    Removing stm32f10x_tim.o(i.TIM_ETRClockMode2Config), (32 bytes).
    Removing stm32f10x_tim.o(i.TIM_ETRConfig), (28 bytes).
    Removing stm32f10x_tim.o(i.TIM_ForcedOC1Config), (18 bytes).
    Removing stm32f10x_tim.o(i.TIM_ForcedOC2Config), (26 bytes).
    Removing stm32f10x_tim.o(i.TIM_ForcedOC3Config), (18 bytes).
    Removing stm32f10x_tim.o(i.TIM_ForcedOC4Config), (26 bytes).
    Removing stm32f10x_tim.o(i.TIM_GenerateEvent), (4 bytes).
    Removing stm32f10x_tim.o(i.TIM_GetCapture1), (6 bytes).
    Removing stm32f10x_tim.o(i.TIM_GetCapture2), (6 bytes).
    Removing stm32f10x_tim.o(i.TIM_GetCapture3), (6 bytes).
    Removing stm32f10x_tim.o(i.TIM_GetCapture4), (8 bytes).
    Removing stm32f10x_tim.o(i.TIM_GetFlagStatus), (18 bytes).
    Removing stm32f10x_tim.o(i.TIM_GetITStatus), (34 bytes).
    Removing stm32f10x_tim.o(i.TIM_GetPrescaler), (6 bytes).
    Removing stm32f10x_tim.o(i.TIM_ICStructInit), (18 bytes).
    Removing stm32f10x_tim.o(i.TIM_ITConfig), (18 bytes).
    Removing stm32f10x_tim.o(i.TIM_ITRxExternalClockConfig), (24 bytes).
    Removing stm32f10x_tim.o(i.TIM_InternalClockConfig), (12 bytes).
    Removing stm32f10x_tim.o(i.TIM_OC1FastConfig), (18 bytes).
    Removing stm32f10x_tim.o(i.TIM_OC1Init), (152 bytes).
    Removing stm32f10x_tim.o(i.TIM_OC1NPolarityConfig), (18 bytes).
    Removing stm32f10x_tim.o(i.TIM_OC1PolarityConfig), (18 bytes).
    Removing stm32f10x_tim.o(i.TIM_OC1PreloadConfig), (18 bytes).
    Removing stm32f10x_tim.o(i.TIM_OC2FastConfig), (26 bytes).
    Removing stm32f10x_tim.o(i.TIM_OC2Init), (164 bytes).
    Removing stm32f10x_tim.o(i.TIM_OC2NPolarityConfig), (26 bytes).
    Removing stm32f10x_tim.o(i.TIM_OC2PolarityConfig), (26 bytes).
    Removing stm32f10x_tim.o(i.TIM_OC2PreloadConfig), (26 bytes).
    Removing stm32f10x_tim.o(i.TIM_OC3FastConfig), (18 bytes).
    Removing stm32f10x_tim.o(i.TIM_OC3Init), (160 bytes).
    Removing stm32f10x_tim.o(i.TIM_OC3NPolarityConfig), (26 bytes).
    Removing stm32f10x_tim.o(i.TIM_OC3PolarityConfig), (26 bytes).
    Removing stm32f10x_tim.o(i.TIM_OC3PreloadConfig), (18 bytes).
    Removing stm32f10x_tim.o(i.TIM_OC4FastConfig), (26 bytes).
    Removing stm32f10x_tim.o(i.TIM_OC4Init), (124 bytes).
    Removing stm32f10x_tim.o(i.TIM_OC4PolarityConfig), (26 bytes).
    Removing stm32f10x_tim.o(i.TIM_OC4PreloadConfig), (26 bytes).
    Removing stm32f10x_tim.o(i.TIM_OCStructInit), (20 bytes).
    Removing stm32f10x_tim.o(i.TIM_PWMIConfig), (124 bytes).
    Removing stm32f10x_tim.o(i.TIM_PrescalerConfig), (6 bytes).
    Removing stm32f10x_tim.o(i.TIM_SelectCCDMA), (24 bytes).
    Removing stm32f10x_tim.o(i.TIM_SelectCOM), (24 bytes).
    Removing stm32f10x_tim.o(i.TIM_SelectHallSensor), (24 bytes).
    Removing stm32f10x_tim.o(i.TIM_SelectInputTrigger), (18 bytes).
    Removing stm32f10x_tim.o(i.TIM_SelectMasterSlaveMode), (18 bytes).
    Removing stm32f10x_tim.o(i.TIM_SelectOCxM), (82 bytes).
    Removing stm32f10x_tim.o(i.TIM_SelectOnePulseMode), (18 bytes).
    Removing stm32f10x_tim.o(i.TIM_SelectOutputTrigger), (18 bytes).
    Removing stm32f10x_tim.o(i.TIM_SelectSlaveMode), (18 bytes).
    Removing stm32f10x_tim.o(i.TIM_SetAutoreload), (4 bytes).
    Removing stm32f10x_tim.o(i.TIM_SetClockDivision), (18 bytes).
    Removing stm32f10x_tim.o(i.TIM_SetCompare1), (4 bytes).
    Removing stm32f10x_tim.o(i.TIM_SetCompare2), (4 bytes).
    Removing stm32f10x_tim.o(i.TIM_SetCompare3), (4 bytes).
    Removing stm32f10x_tim.o(i.TIM_SetCompare4), (6 bytes).
    Removing stm32f10x_tim.o(i.TIM_TIxExternalClockConfig), (62 bytes).
    Removing stm32f10x_tim.o(i.TIM_TimeBaseStructInit), (18 bytes).
    Removing stm32f10x_tim.o(i.TIM_UpdateDisableConfig), (24 bytes).
    Removing stm32f10x_tim.o(i.TIM_UpdateRequestConfig), (24 bytes).
    Removing stm32f10x_usart.o(i.USART_ClearFlag), (18 bytes).
    Removing stm32f10x_usart.o(i.USART_ClearITPendingBit), (30 bytes).
    Removing stm32f10x_usart.o(i.USART_ClockInit), (34 bytes).
    Removing stm32f10x_usart.o(i.USART_ClockStructInit), (12 bytes).
    Removing stm32f10x_usart.o(i.USART_Cmd), (24 bytes).
    Removing stm32f10x_usart.o(i.USART_DMACmd), (18 bytes).
    Removing stm32f10x_usart.o(i.USART_DeInit), (156 bytes).
    Removing stm32f10x_usart.o(i.USART_GetFlagStatus), (26 bytes).
    Removing stm32f10x_usart.o(i.USART_GetITStatus), (84 bytes).
    Removing stm32f10x_usart.o(i.USART_HalfDuplexCmd), (24 bytes).
    Removing stm32f10x_usart.o(i.USART_ITConfig), (74 bytes).
    Removing stm32f10x_usart.o(i.USART_Init), (216 bytes).
    Removing stm32f10x_usart.o(i.USART_IrDACmd), (24 bytes).
    Removing stm32f10x_usart.o(i.USART_IrDAConfig), (18 bytes).
    Removing stm32f10x_usart.o(i.USART_LINBreakDetectLengthConfig), (18 bytes).
    Removing stm32f10x_usart.o(i.USART_LINCmd), (24 bytes).
    Removing stm32f10x_usart.o(i.USART_OneBitMethodCmd), (24 bytes).
    Removing stm32f10x_usart.o(i.USART_OverSampling8Cmd), (22 bytes).
    Removing stm32f10x_usart.o(i.USART_ReceiveData), (10 bytes).
    Removing stm32f10x_usart.o(i.USART_ReceiverWakeUpCmd), (24 bytes).
    Removing stm32f10x_usart.o(i.USART_SendBreak), (10 bytes).
    Removing stm32f10x_usart.o(i.USART_SendData), (8 bytes).
    Removing stm32f10x_usart.o(i.USART_SetAddress), (18 bytes).
    Removing stm32f10x_usart.o(i.USART_SetGuardTime), (16 bytes).
    Removing stm32f10x_usart.o(i.USART_SetPrescaler), (16 bytes).
    Removing stm32f10x_usart.o(i.USART_SmartCardCmd), (24 bytes).
    Removing stm32f10x_usart.o(i.USART_SmartCardNACKCmd), (24 bytes).
    Removing stm32f10x_usart.o(i.USART_StructInit), (24 bytes).
    Removing stm32f10x_usart.o(i.USART_WakeUpConfig), (18 bytes).
    Removing stm32f10x_wwdg.o(i.WWDG_ClearFlag), (12 bytes).
    Removing stm32f10x_wwdg.o(i.WWDG_DeInit), (22 bytes).
    Removing stm32f10x_wwdg.o(i.WWDG_Enable), (16 bytes).
    Removing stm32f10x_wwdg.o(i.WWDG_EnableIT), (12 bytes).
    Removing stm32f10x_wwdg.o(i.WWDG_GetFlagStatus), (12 bytes).
    Removing stm32f10x_wwdg.o(i.WWDG_SetCounter), (16 bytes).
    Removing stm32f10x_wwdg.o(i.WWDG_SetPrescaler), (24 bytes).
    Removing stm32f10x_wwdg.o(i.WWDG_SetWindowValue), (40 bytes).
    Removing stm32f10x_it.o(i.SysTick_Handler), (2 bytes).
    Removing oled.o(i.OLED_ShowBinNum), (62 bytes).
    Removing oled.o(i.OLED_ShowSignedNum), (102 bytes).
    Removing beeper.o(i.Beeper_Beep), (20 bytes).
    Removing beeper.o(i.Beeper_Init), (48 bytes).
    Removing beeper.o(i.Beeper_Off), (16 bytes).
    Removing beeper.o(i.Beeper_On), (16 bytes).
    Removing beeper.o(i.Beeper_Toggle), (20 bytes).
    Removing button.o(i.Button_ClearState), (32 bytes).
    Removing button.o(i.Button_GetState), (28 bytes).
    Removing button.o(i.Button_Init), (240 bytes).
    Removing button.o(i.Button_Scan), (244 bytes).
    Removing button.o(.constdata), (24 bytes).
    Removing button.o(.data), (4 bytes).
    Removing encoder.o(i.Encoder_GetButtonState), (12 bytes).
    Removing led.o(i.LED_AlarmStatus), (12 bytes).
    Removing led.o(i.LED_AllOn), (36 bytes).
    Removing led.o(i.LED_DataCollecting), (12 bytes).
    Removing led.o(i.LED_SettingMode), (12 bytes).
    Removing led.o(i.LED_SystemRunning), (12 bytes).
    Removing light_sensor.o(i.LightSensor_GetLevel), (60 bytes).
    Removing light_sensor.o(i.LightSensor_GetPercent), (28 bytes).
    Removing light_sensor.o(i.LightSensor_GetValue), (36 bytes).
    Removing light_sensor.o(i.LightSensor_Init), (144 bytes).
    Removing temp_sensor.o(i.TempSensor_GetADC), (36 bytes).
    Removing temp_sensor.o(i.TempSensor_GetLevel), (68 bytes).
    Removing temp_sensor.o(i.TempSensor_GetTemp), (144 bytes).
    Removing temp_sensor.o(i.TempSensor_Init), (144 bytes).

479 unused section(s) (total 19436 bytes) removed from the image.

==============================================================================

Image Symbol Table

    Local Symbols

    Symbol Name                              Value     Ov Type        Size  Object(Section)

    ../clib/angel/boardlib.s                 0x00000000   Number         0  boardinit1.o ABSOLUTE
    ../clib/angel/boardlib.s                 0x00000000   Number         0  boardinit2.o ABSOLUTE
    ../clib/angel/boardlib.s                 0x00000000   Number         0  boardshut.o ABSOLUTE
    ../clib/angel/boardlib.s                 0x00000000   Number         0  boardinit3.o ABSOLUTE
    ../clib/angel/handlers.s                 0x00000000   Number         0  __scatter_zi.o ABSOLUTE
    ../clib/angel/handlers.s                 0x00000000   Number         0  __scatter_copy.o ABSOLUTE
    ../clib/angel/kernel.s                   0x00000000   Number         0  __rtentry.o ABSOLUTE
    ../clib/angel/kernel.s                   0x00000000   Number         0  __rtentry4.o ABSOLUTE
    ../clib/angel/kernel.s                   0x00000000   Number         0  rtexit2.o ABSOLUTE
    ../clib/angel/kernel.s                   0x00000000   Number         0  __rtentry2.o ABSOLUTE
    ../clib/angel/kernel.s                   0x00000000   Number         0  rtexit.o ABSOLUTE
    ../clib/angel/rt.s                       0x00000000   Number         0  rt_raise.o ABSOLUTE
    ../clib/angel/rt.s                       0x00000000   Number         0  rt_errno_addr_intlibspace.o ABSOLUTE
    ../clib/angel/rt.s                       0x00000000   Number         0  rt_errno_addr.o ABSOLUTE
    ../clib/angel/scatter.s                  0x00000000   Number         0  __scatter.o ABSOLUTE
    ../clib/angel/startup.s                  0x00000000   Number         0  __main.o ABSOLUTE
    ../clib/angel/sys.s                      0x00000000   Number         0  libspace.o ABSOLUTE
    ../clib/angel/sys.s                      0x00000000   Number         0  sys_stackheap_outer.o ABSOLUTE
    ../clib/angel/sys.s                      0x00000000   Number         0  indicate_semi.o ABSOLUTE
    ../clib/angel/sys.s                      0x00000000   Number         0  use_no_semi.o ABSOLUTE
    ../clib/angel/sysapp.c                   0x00000000   Number         0  sys_wrch.o ABSOLUTE
    ../clib/angel/sysapp.c                   0x00000000   Number         0  sys_exit.o ABSOLUTE
    ../clib/angel/sysapp.c                   0x00000000   Number         0  sys_command.o ABSOLUTE
    ../clib/armsys.c                         0x00000000   Number         0  argv_veneer.o ABSOLUTE
    ../clib/armsys.c                         0x00000000   Number         0  argv_veneer.o ABSOLUTE
    ../clib/armsys.c                         0x00000000   Number         0  _get_argv_nomalloc.o ABSOLUTE
    ../clib/armsys.c                         0x00000000   Number         0  no_argv.o ABSOLUTE
    ../clib/fenv.c                           0x00000000   Number         0  _rserrno.o ABSOLUTE
    ../clib/heapalloc.c                      0x00000000   Number         0  hrguard.o ABSOLUTE
    ../clib/heapaux.c                        0x00000000   Number         0  heapauxi.o ABSOLUTE
    ../clib/libinit.s                        0x00000000   Number         0  libinit.o ABSOLUTE
    ../clib/libinit.s                        0x00000000   Number         0  libshutdown.o ABSOLUTE
    ../clib/libinit.s                        0x00000000   Number         0  libshutdown2.o ABSOLUTE
    ../clib/libinit.s                        0x00000000   Number         0  libinit2.o ABSOLUTE
    ../clib/signal.c                         0x00000000   Number         0  defsig_rtmem_inner.o ABSOLUTE
    ../clib/signal.c                         0x00000000   Number         0  defsig_exit.o ABSOLUTE
    ../clib/signal.c                         0x00000000   Number         0  defsig_rtmem_outer.o ABSOLUTE
    ../clib/signal.c                         0x00000000   Number         0  defsig_rtmem_formal.o ABSOLUTE
    ../clib/signal.c                         0x00000000   Number         0  defsig_other.o ABSOLUTE
    ../clib/signal.c                         0x00000000   Number         0  defsig_segv_inner.o ABSOLUTE
    ../clib/signal.c                         0x00000000   Number         0  defsig_cppl_inner.o ABSOLUTE
    ../clib/signal.c                         0x00000000   Number         0  defsig_pvfn_inner.o ABSOLUTE
    ../clib/signal.c                         0x00000000   Number         0  defsig_stak_inner.o ABSOLUTE
    ../clib/signal.c                         0x00000000   Number         0  defsig_rtred_inner.o ABSOLUTE
    ../clib/signal.c                         0x00000000   Number         0  defsig_fpe_inner.o ABSOLUTE
    ../clib/signal.c                         0x00000000   Number         0  defsig_abrt_inner.o ABSOLUTE
    ../clib/signal.c                         0x00000000   Number         0  __raise.o ABSOLUTE
    ../clib/signal.c                         0x00000000   Number         0  defsig_general.o ABSOLUTE
    ../clib/signal.s                         0x00000000   Number         0  defsig.o ABSOLUTE
    ../clib/stdlib.c                         0x00000000   Number         0  exit.o ABSOLUTE
    ../fplib/d2f.s                           0x00000000   Number         0  d2f.o ABSOLUTE
    ../fplib/daddsub.s                       0x00000000   Number         0  daddsub_clz.o ABSOLUTE
    ../fplib/dcheck1.s                       0x00000000   Number         0  dcheck1.o ABSOLUTE
    ../fplib/dcmpi.s                         0x00000000   Number         0  dcmpi.o ABSOLUTE
    ../fplib/ddiv.s                          0x00000000   Number         0  ddiv.o ABSOLUTE
    ../fplib/deqf.s                          0x00000000   Number         0  deqf.o ABSOLUTE
    ../fplib/dflt.s                          0x00000000   Number         0  dflt_clz.o ABSOLUTE
    ../fplib/dmul.s                          0x00000000   Number         0  dmul.o ABSOLUTE
    ../fplib/dnaninf.s                       0x00000000   Number         0  dnaninf.o ABSOLUTE
    ../fplib/dretinf.s                       0x00000000   Number         0  dretinf.o ABSOLUTE
    ../fplib/f2d.s                           0x00000000   Number         0  f2d.o ABSOLUTE
    ../fplib/faddsub.s                       0x00000000   Number         0  faddsub_clz.o ABSOLUTE
    ../fplib/fcheck1.s                       0x00000000   Number         0  fcheck1.o ABSOLUTE
    ../fplib/fcmpi.s                         0x00000000   Number         0  fcmpi.o ABSOLUTE
    ../fplib/fdiv.s                          0x00000000   Number         0  fdiv.o ABSOLUTE
    ../fplib/fflt.s                          0x00000000   Number         0  fflt_clz.o ABSOLUTE
    ../fplib/fleqf.s                         0x00000000   Number         0  fleqf.o ABSOLUTE
    ../fplib/fmul.s                          0x00000000   Number         0  fmul.o ABSOLUTE
    ../fplib/fnaninf.s                       0x00000000   Number         0  fnaninf.o ABSOLUTE
    ../fplib/fpinit.s                        0x00000000   Number         0  fpinit.o ABSOLUTE
    ../fplib/fretinf.s                       0x00000000   Number         0  fretinf.o ABSOLUTE
    ../fplib/fsqrt.s                         0x00000000   Number         0  fsqrt.o ABSOLUTE
    ../fplib/retnan.s                        0x00000000   Number         0  retnan.o ABSOLUTE
    ../fplib/scalbn.s                        0x00000000   Number         0  scalbn.o ABSOLUTE
    ../fplib/scalbnf.s                       0x00000000   Number         0  scalbnf.o ABSOLUTE
    ../fplib/trapv.s                         0x00000000   Number         0  trapv.o ABSOLUTE
    ../fplib/usenofp.s                       0x00000000   Number         0  usenofp.o ABSOLUTE
    ../mathlib/atan2f.c                      0x00000000   Number         0  atan2f.o ABSOLUTE
    ../mathlib/atan2f.c                      0x00000000   Number         0  atan2f_x.o ABSOLUTE
    ../mathlib/dunder.c                      0x00000000   Number         0  dunder.o ABSOLUTE
    ../mathlib/fpclassifyf.c                 0x00000000   Number         0  fpclassifyf.o ABSOLUTE
    ../mathlib/funder.c                      0x00000000   Number         0  funder.o ABSOLUTE
    ../mathlib/log.c                         0x00000000   Number         0  log.o ABSOLUTE
    ../mathlib/log.c                         0x00000000   Number         0  log_x.o ABSOLUTE
    ../mathlib/poly.c                        0x00000000   Number         0  poly.o ABSOLUTE
    ../mathlib/qnan.c                        0x00000000   Number         0  qnan.o ABSOLUTE
    ../mathlib/sqrtf.c                       0x00000000   Number         0  sqrtf.o ABSOLUTE
    ../mathlib/sqrtf.c                       0x00000000   Number         0  sqrtf_x.o ABSOLUTE
    Application\alarm.c                      0x00000000   Number         0  alarm.o ABSOLUTE
    Application\control.c                    0x00000000   Number         0  control.o ABSOLUTE
    Application\indicator.c                  0x00000000   Number         0  indicator.o ABSOLUTE
    Application\menu.c                       0x00000000   Number         0  menu.o ABSOLUTE
    Application\system.c                     0x00000000   Number         0  system.o ABSOLUTE
    Hardware\OLED.c                          0x00000000   Number         0  oled.o ABSOLUTE
    Hardware\adc.c                           0x00000000   Number         0  adc.o ABSOLUTE
    Hardware\beeper.c                        0x00000000   Number         0  beeper.o ABSOLUTE
    Hardware\button.c                        0x00000000   Number         0  button.o ABSOLUTE
    Hardware\encoder.c                       0x00000000   Number         0  encoder.o ABSOLUTE
    Hardware\led.c                           0x00000000   Number         0  led.o ABSOLUTE
    Hardware\light_sensor.c                  0x00000000   Number         0  light_sensor.o ABSOLUTE
    Hardware\mpu6050.c                       0x00000000   Number         0  mpu6050.o ABSOLUTE
    Hardware\servo.c                         0x00000000   Number         0  servo.o ABSOLUTE
    Hardware\temp_sensor.c                   0x00000000   Number         0  temp_sensor.o ABSOLUTE
    Library\misc.c                           0x00000000   Number         0  misc.o ABSOLUTE
    Library\stm32f10x_adc.c                  0x00000000   Number         0  stm32f10x_adc.o ABSOLUTE
    Library\stm32f10x_bkp.c                  0x00000000   Number         0  stm32f10x_bkp.o ABSOLUTE
    Library\stm32f10x_can.c                  0x00000000   Number         0  stm32f10x_can.o ABSOLUTE
    Library\stm32f10x_cec.c                  0x00000000   Number         0  stm32f10x_cec.o ABSOLUTE
    Library\stm32f10x_crc.c                  0x00000000   Number         0  stm32f10x_crc.o ABSOLUTE
    Library\stm32f10x_dac.c                  0x00000000   Number         0  stm32f10x_dac.o ABSOLUTE
    Library\stm32f10x_dbgmcu.c               0x00000000   Number         0  stm32f10x_dbgmcu.o ABSOLUTE
    Library\stm32f10x_dma.c                  0x00000000   Number         0  stm32f10x_dma.o ABSOLUTE
    Library\stm32f10x_exti.c                 0x00000000   Number         0  stm32f10x_exti.o ABSOLUTE
    Library\stm32f10x_flash.c                0x00000000   Number         0  stm32f10x_flash.o ABSOLUTE
    Library\stm32f10x_fsmc.c                 0x00000000   Number         0  stm32f10x_fsmc.o ABSOLUTE
    Library\stm32f10x_gpio.c                 0x00000000   Number         0  stm32f10x_gpio.o ABSOLUTE
    Library\stm32f10x_i2c.c                  0x00000000   Number         0  stm32f10x_i2c.o ABSOLUTE
    Library\stm32f10x_iwdg.c                 0x00000000   Number         0  stm32f10x_iwdg.o ABSOLUTE
    Library\stm32f10x_pwr.c                  0x00000000   Number         0  stm32f10x_pwr.o ABSOLUTE
    Library\stm32f10x_rcc.c                  0x00000000   Number         0  stm32f10x_rcc.o ABSOLUTE
    Library\stm32f10x_rtc.c                  0x00000000   Number         0  stm32f10x_rtc.o ABSOLUTE
    Library\stm32f10x_sdio.c                 0x00000000   Number         0  stm32f10x_sdio.o ABSOLUTE
    Library\stm32f10x_spi.c                  0x00000000   Number         0  stm32f10x_spi.o ABSOLUTE
    Library\stm32f10x_tim.c                  0x00000000   Number         0  stm32f10x_tim.o ABSOLUTE
    Library\stm32f10x_usart.c                0x00000000   Number         0  stm32f10x_usart.o ABSOLUTE
    Library\stm32f10x_wwdg.c                 0x00000000   Number         0  stm32f10x_wwdg.o ABSOLUTE
    Middlewares\adc.c                        0x00000000   Number         0  adc_1.o ABSOLUTE
    Middlewares\delay.c                      0x00000000   Number         0  delay.o ABSOLUTE
    Middlewares\exti.c                       0x00000000   Number         0  exti.o ABSOLUTE
    Middlewares\gpio.c                       0x00000000   Number         0  gpio.o ABSOLUTE
    Middlewares\i2c.c                        0x00000000   Number         0  i2c.o ABSOLUTE
    Middlewares\pwm.c                        0x00000000   Number         0  pwm.o ABSOLUTE
    Start\\core_cm3.c                        0x00000000   Number         0  core_cm3.o ABSOLUTE
    Start\core_cm3.c                         0x00000000   Number         0  core_cm3.o ABSOLUTE
    Start\startup_stm32f10x_md.s             0x00000000   Number         0  startup_stm32f10x_md.o ABSOLUTE
    Start\system_stm32f10x.c                 0x00000000   Number         0  system_stm32f10x.o ABSOLUTE
    User\main.c                              0x00000000   Number         0  main.o ABSOLUTE
    User\stm32f10x_it.c                      0x00000000   Number         0  stm32f10x_it.o ABSOLUTE
    dc.s                                     0x00000000   Number         0  dc.o ABSOLUTE
    RESET                                    0x08000000   Section      236  startup_stm32f10x_md.o(RESET)
    !!!main                                  0x080000ec   Section        8  __main.o(!!!main)
    !!!scatter                               0x080000f4   Section       52  __scatter.o(!!!scatter)
    !!handler_copy                           0x08000128   Section       26  __scatter_copy.o(!!handler_copy)
    !!handler_zi                             0x08000144   Section       28  __scatter_zi.o(!!handler_zi)
    .ARM.Collect$$libinit$$00000000          0x08000160   Section        2  libinit.o(.ARM.Collect$$libinit$$00000000)
    .ARM.Collect$$libinit$$00000002          0x08000162   Section        0  libinit2.o(.ARM.Collect$$libinit$$00000002)
    .ARM.Collect$$libinit$$00000004          0x08000162   Section        0  libinit2.o(.ARM.Collect$$libinit$$00000004)
    .ARM.Collect$$libinit$$0000000A          0x08000162   Section        0  libinit2.o(.ARM.Collect$$libinit$$0000000A)
    .ARM.Collect$$libinit$$0000000C          0x08000162   Section        0  libinit2.o(.ARM.Collect$$libinit$$0000000C)
    .ARM.Collect$$libinit$$0000000E          0x08000162   Section        0  libinit2.o(.ARM.Collect$$libinit$$0000000E)
    .ARM.Collect$$libinit$$00000011          0x08000162   Section        0  libinit2.o(.ARM.Collect$$libinit$$00000011)
    .ARM.Collect$$libinit$$00000013          0x08000162   Section        0  libinit2.o(.ARM.Collect$$libinit$$00000013)
    .ARM.Collect$$libinit$$00000015          0x08000162   Section        0  libinit2.o(.ARM.Collect$$libinit$$00000015)
    .ARM.Collect$$libinit$$00000017          0x08000162   Section        0  libinit2.o(.ARM.Collect$$libinit$$00000017)
    .ARM.Collect$$libinit$$00000019          0x08000162   Section        0  libinit2.o(.ARM.Collect$$libinit$$00000019)
    .ARM.Collect$$libinit$$0000001B          0x08000162   Section        0  libinit2.o(.ARM.Collect$$libinit$$0000001B)
    .ARM.Collect$$libinit$$0000001D          0x08000162   Section        0  libinit2.o(.ARM.Collect$$libinit$$0000001D)
    .ARM.Collect$$libinit$$0000001F          0x08000162   Section        0  libinit2.o(.ARM.Collect$$libinit$$0000001F)
    .ARM.Collect$$libinit$$00000021          0x08000162   Section        0  libinit2.o(.ARM.Collect$$libinit$$00000021)
    .ARM.Collect$$libinit$$00000023          0x08000162   Section        0  libinit2.o(.ARM.Collect$$libinit$$00000023)
    .ARM.Collect$$libinit$$00000025          0x08000162   Section        0  libinit2.o(.ARM.Collect$$libinit$$00000025)
    .ARM.Collect$$libinit$$0000002C          0x08000162   Section        0  libinit2.o(.ARM.Collect$$libinit$$0000002C)
    .ARM.Collect$$libinit$$0000002E          0x08000162   Section        0  libinit2.o(.ARM.Collect$$libinit$$0000002E)
    .ARM.Collect$$libinit$$00000030          0x08000162   Section        0  libinit2.o(.ARM.Collect$$libinit$$00000030)
    .ARM.Collect$$libinit$$00000032          0x08000162   Section        0  libinit2.o(.ARM.Collect$$libinit$$00000032)
    .ARM.Collect$$libinit$$00000033          0x08000162   Section        2  libinit2.o(.ARM.Collect$$libinit$$00000033)
    .ARM.Collect$$libshutdown$$00000000      0x08000164   Section        2  libshutdown.o(.ARM.Collect$$libshutdown$$00000000)
    .ARM.Collect$$libshutdown$$00000002      0x08000166   Section        0  libshutdown2.o(.ARM.Collect$$libshutdown$$00000002)
    .ARM.Collect$$libshutdown$$00000004      0x08000166   Section        0  libshutdown2.o(.ARM.Collect$$libshutdown$$00000004)
    .ARM.Collect$$libshutdown$$00000006      0x08000166   Section        0  libshutdown2.o(.ARM.Collect$$libshutdown$$00000006)
    .ARM.Collect$$libshutdown$$00000009      0x08000166   Section        0  libshutdown2.o(.ARM.Collect$$libshutdown$$00000009)
    .ARM.Collect$$libshutdown$$0000000C      0x08000166   Section        0  libshutdown2.o(.ARM.Collect$$libshutdown$$0000000C)
    .ARM.Collect$$libshutdown$$0000000E      0x08000166   Section        0  libshutdown2.o(.ARM.Collect$$libshutdown$$0000000E)
    .ARM.Collect$$libshutdown$$00000011      0x08000166   Section        0  libshutdown2.o(.ARM.Collect$$libshutdown$$00000011)
    .ARM.Collect$$libshutdown$$00000012      0x08000166   Section        2  libshutdown2.o(.ARM.Collect$$libshutdown$$00000012)
    .ARM.Collect$$rtentry$$00000000          0x08000168   Section        0  __rtentry.o(.ARM.Collect$$rtentry$$00000000)
    .ARM.Collect$$rtentry$$00000002          0x08000168   Section        0  __rtentry2.o(.ARM.Collect$$rtentry$$00000002)
    .ARM.Collect$$rtentry$$00000004          0x08000168   Section        6  __rtentry4.o(.ARM.Collect$$rtentry$$00000004)
    .ARM.Collect$$rtentry$$00000009          0x0800016e   Section        0  __rtentry2.o(.ARM.Collect$$rtentry$$00000009)
    .ARM.Collect$$rtentry$$0000000A          0x0800016e   Section        4  __rtentry2.o(.ARM.Collect$$rtentry$$0000000A)
    .ARM.Collect$$rtentry$$0000000C          0x08000172   Section        0  __rtentry2.o(.ARM.Collect$$rtentry$$0000000C)
    .ARM.Collect$$rtentry$$0000000D          0x08000172   Section        8  __rtentry2.o(.ARM.Collect$$rtentry$$0000000D)
    .ARM.Collect$$rtexit$$00000000           0x0800017a   Section        2  rtexit.o(.ARM.Collect$$rtexit$$00000000)
    .ARM.Collect$$rtexit$$00000002           0x0800017c   Section        0  rtexit2.o(.ARM.Collect$$rtexit$$00000002)
    .ARM.Collect$$rtexit$$00000003           0x0800017c   Section        4  rtexit2.o(.ARM.Collect$$rtexit$$00000003)
    .ARM.Collect$$rtexit$$00000004           0x08000180   Section        6  rtexit2.o(.ARM.Collect$$rtexit$$00000004)
    .text                                    0x08000188   Section       64  startup_stm32f10x_md.o(.text)
    .text                                    0x080001c8   Section        0  heapauxi.o(.text)
    .text                                    0x080001ce   Section        0  _rserrno.o(.text)
    .text                                    0x080001e4   Section        8  rt_errno_addr_intlibspace.o(.text)
    .text                                    0x080001ec   Section        8  libspace.o(.text)
    .text                                    0x080001f4   Section       74  sys_stackheap_outer.o(.text)
    .text                                    0x0800023e   Section        0  exit.o(.text)
    .text                                    0x08000250   Section        0  sys_exit.o(.text)
    .text                                    0x0800025c   Section        2  use_no_semi.o(.text)
    .text                                    0x0800025e   Section        0  indicate_semi.o(.text)
    i.BusFault_Handler                       0x0800025e   Section        0  stm32f10x_it.o(i.BusFault_Handler)
    i.DebugMon_Handler                       0x08000262   Section        0  stm32f10x_it.o(i.DebugMon_Handler)
    i.EXTI15_10_IRQHandler                   0x08000264   Section        0  button.o(i.EXTI15_10_IRQHandler)
    i.EXTI1_IRQHandler                       0x08000294   Section        0  button.o(i.EXTI1_IRQHandler)
    i.EXTI9_5_IRQHandler                     0x080002c0   Section        0  button.o(i.EXTI9_5_IRQHandler)
    i.EXTI_ClearITPendingBit                 0x08000304   Section        0  stm32f10x_exti.o(i.EXTI_ClearITPendingBit)
    i.EXTI_GetITStatus                       0x08000310   Section        0  stm32f10x_exti.o(i.EXTI_GetITStatus)
    i.Encoder_ClearCount                     0x08000338   Section        0  encoder.o(i.Encoder_ClearCount)
    i.Encoder_GetCount                       0x08000344   Section        0  encoder.o(i.Encoder_GetCount)
    i.Encoder_GetState                       0x0800036c   Section        0  encoder.o(i.Encoder_GetState)
    i.Encoder_Init                           0x0800039c   Section        0  encoder.o(i.Encoder_Init)
    i.Encoder_SetCount                       0x08000448   Section        0  encoder.o(i.Encoder_SetCount)
    i.GPIO_Init                              0x08000464   Section        0  stm32f10x_gpio.o(i.GPIO_Init)
    i.GPIO_ReadInputDataBit                  0x0800057a   Section        0  stm32f10x_gpio.o(i.GPIO_ReadInputDataBit)
    i.GPIO_ResetBits                         0x0800058c   Section        0  stm32f10x_gpio.o(i.GPIO_ResetBits)
    i.GPIO_SetBits                           0x08000590   Section        0  stm32f10x_gpio.o(i.GPIO_SetBits)
    i.GPIO_WriteBit                          0x08000594   Section        0  stm32f10x_gpio.o(i.GPIO_WriteBit)
    i.GetTickCount                           0x080005a0   Section        0  delay.o(i.GetTickCount)
    i.HardFault_Handler                      0x080005ac   Section        0  stm32f10x_it.o(i.HardFault_Handler)
    i.I2C_Ack                                0x080005b0   Section        0  i2c.o(i.I2C_Ack)
    i.I2C_Init_Software                      0x080005f0   Section        0  i2c.o(i.I2C_Init_Software)
    i.I2C_NAck                               0x08000630   Section        0  i2c.o(i.I2C_NAck)
    i.I2C_ReadByte                           0x08000670   Section        0  i2c.o(i.I2C_ReadByte)
    i.I2C_ReadMultBytes                      0x080006d0   Section        0  i2c.o(i.I2C_ReadMultBytes)
    i.I2C_ReadReg                            0x08000744   Section        0  i2c.o(i.I2C_ReadReg)
    i.I2C_SendByte                           0x0800078c   Section        0  i2c.o(i.I2C_SendByte)
    i.I2C_Start                              0x080007f8   Section        0  i2c.o(i.I2C_Start)
    i.I2C_Stop                               0x08000838   Section        0  i2c.o(i.I2C_Stop)
    i.I2C_WaitAck                            0x08000878   Section        0  i2c.o(i.I2C_WaitAck)
    i.I2C_WriteReg                           0x080008d4   Section        0  i2c.o(i.I2C_WriteReg)
    i.LED_AllOff                             0x08000920   Section        0  led.o(i.LED_AllOff)
    i.LED_Init                               0x08000944   Section        0  led.o(i.LED_Init)
    i.LED_Off                                0x08000974   Section        0  led.o(i.LED_Off)
    i.LED_On                                 0x08000988   Section        0  led.o(i.LED_On)
    i.LED_Toggle                             0x0800099c   Section        0  led.o(i.LED_Toggle)
    i.MPU6050_GetAttitude                    0x080009ac   Section        0  mpu6050.o(i.MPU6050_GetAttitude)
    i.MPU6050_GetData                        0x08000a68   Section        0  mpu6050.o(i.MPU6050_GetData)
    i.MPU6050_Init                           0x08000aec   Section        0  mpu6050.o(i.MPU6050_Init)
    i.MPU6050_ReadID                         0x08000b34   Section        0  mpu6050.o(i.MPU6050_ReadID)
    i.MemManage_Handler                      0x08000b40   Section        0  stm32f10x_it.o(i.MemManage_Handler)
    i.NMI_Handler                            0x08000b44   Section        0  stm32f10x_it.o(i.NMI_Handler)
    i.OLED_Clear                             0x08000b46   Section        0  oled.o(i.OLED_Clear)
    i.OLED_I2C_Init                          0x08000b70   Section        0  oled.o(i.OLED_I2C_Init)
    i.OLED_I2C_SendByte                      0x08000bb0   Section        0  oled.o(i.OLED_I2C_SendByte)
    i.OLED_I2C_Start                         0x08000c00   Section        0  oled.o(i.OLED_I2C_Start)
    i.OLED_I2C_Stop                          0x08000c30   Section        0  oled.o(i.OLED_I2C_Stop)
    i.OLED_Init                              0x08000c58   Section        0  oled.o(i.OLED_Init)
    i.OLED_Pow                               0x08000d06   Section        0  oled.o(i.OLED_Pow)
    i.OLED_SetCursor                         0x08000d1a   Section        0  oled.o(i.OLED_SetCursor)
    i.OLED_ShowChar                          0x08000d3c   Section        0  oled.o(i.OLED_ShowChar)
    i.OLED_ShowHexNum                        0x08000db0   Section        0  oled.o(i.OLED_ShowHexNum)
    i.OLED_ShowNum                           0x08000e04   Section        0  oled.o(i.OLED_ShowNum)
    i.OLED_ShowString                        0x08000e48   Section        0  oled.o(i.OLED_ShowString)
    i.OLED_WriteCommand                      0x08000e70   Section        0  oled.o(i.OLED_WriteCommand)
    i.OLED_WriteData                         0x08000e90   Section        0  oled.o(i.OLED_WriteData)
    i.PendSV_Handler                         0x08000eb0   Section        0  stm32f10x_it.o(i.PendSV_Handler)
    i.RCC_APB1PeriphClockCmd                 0x08000eb4   Section        0  stm32f10x_rcc.o(i.RCC_APB1PeriphClockCmd)
    i.RCC_APB2PeriphClockCmd                 0x08000ed4   Section        0  stm32f10x_rcc.o(i.RCC_APB2PeriphClockCmd)
    i.SDA_IN                                 0x08000ef4   Section        0  i2c.o(i.SDA_IN)
    SDA_IN                                   0x08000ef5   Thumb Code    32  i2c.o(i.SDA_IN)
    i.SDA_OUT                                0x08000f18   Section        0  i2c.o(i.SDA_OUT)
    SDA_OUT                                  0x08000f19   Thumb Code    32  i2c.o(i.SDA_OUT)
    i.SVC_Handler                            0x08000f3c   Section        0  stm32f10x_it.o(i.SVC_Handler)
    i.SetSysClock                            0x08000f3e   Section        0  system_stm32f10x.o(i.SetSysClock)
    SetSysClock                              0x08000f3f   Thumb Code     8  system_stm32f10x.o(i.SetSysClock)
    i.SetSysClockTo72                        0x08000f48   Section        0  system_stm32f10x.o(i.SetSysClockTo72)
    SetSysClockTo72                          0x08000f49   Thumb Code   214  system_stm32f10x.o(i.SetSysClockTo72)
    i.SysTick_CLKSourceConfig                0x08001028   Section        0  misc.o(i.SysTick_CLKSourceConfig)
    i.SysTick_Handler                        0x08001050   Section        0  delay.o(i.SysTick_Handler)
    i.SystemInit                             0x08001060   Section        0  system_stm32f10x.o(i.SystemInit)
    i.TI1_Config                             0x080010c0   Section        0  stm32f10x_tim.o(i.TI1_Config)
    TI1_Config                               0x080010c1   Thumb Code   108  stm32f10x_tim.o(i.TI1_Config)
    i.TI2_Config                             0x08001140   Section        0  stm32f10x_tim.o(i.TI2_Config)
    TI2_Config                               0x08001141   Thumb Code   130  stm32f10x_tim.o(i.TI2_Config)
    i.TI3_Config                             0x080011d8   Section        0  stm32f10x_tim.o(i.TI3_Config)
    TI3_Config                               0x080011d9   Thumb Code   122  stm32f10x_tim.o(i.TI3_Config)
    i.TI4_Config                             0x08001268   Section        0  stm32f10x_tim.o(i.TI4_Config)
    TI4_Config                               0x08001269   Thumb Code   130  stm32f10x_tim.o(i.TI4_Config)
    i.TIM_Cmd                                0x08001300   Section        0  stm32f10x_tim.o(i.TIM_Cmd)
    i.TIM_EncoderInterfaceConfig             0x08001318   Section        0  stm32f10x_tim.o(i.TIM_EncoderInterfaceConfig)
    i.TIM_GetCounter                         0x0800135a   Section        0  stm32f10x_tim.o(i.TIM_GetCounter)
    i.TIM_ICInit                             0x08001360   Section        0  stm32f10x_tim.o(i.TIM_ICInit)
    i.TIM_SetCounter                         0x0800140c   Section        0  stm32f10x_tim.o(i.TIM_SetCounter)
    i.TIM_SetIC1Prescaler                    0x08001410   Section        0  stm32f10x_tim.o(i.TIM_SetIC1Prescaler)
    i.TIM_SetIC2Prescaler                    0x08001422   Section        0  stm32f10x_tim.o(i.TIM_SetIC2Prescaler)
    i.TIM_SetIC3Prescaler                    0x0800143c   Section        0  stm32f10x_tim.o(i.TIM_SetIC3Prescaler)
    i.TIM_SetIC4Prescaler                    0x0800144e   Section        0  stm32f10x_tim.o(i.TIM_SetIC4Prescaler)
    i.TIM_TimeBaseInit                       0x08001468   Section        0  stm32f10x_tim.o(i.TIM_TimeBaseInit)
    i.UsageFault_Handler                     0x0800150c   Section        0  stm32f10x_it.o(i.UsageFault_Handler)
    i.__ARM_fpclassifyf                      0x08001510   Section        0  fpclassifyf.o(i.__ARM_fpclassifyf)
    i.__mathlib_flt_infnan2                  0x08001536   Section        0  funder.o(i.__mathlib_flt_infnan2)
    i.__mathlib_flt_underflow                0x0800153a   Section        0  funder.o(i.__mathlib_flt_underflow)
    i.atan2f                                 0x08001544   Section        0  atan2f.o(i.atan2f)
    i.delay_init                             0x080017e8   Section        0  delay.o(i.delay_init)
    i.delay_ms                               0x08001814   Section        0  delay.o(i.delay_ms)
    i.delay_us                               0x0800182c   Section        0  delay.o(i.delay_us)
    i.main                                   0x08001870   Section        0  main.o(i.main)
    i.sqrtf                                  0x080019e8   Section        0  sqrtf.o(i.sqrtf)
    x$fpl$fadd                               0x08001a14   Section      196  faddsub_clz.o(x$fpl$fadd)
    _fadd1                                   0x08001a23   Thumb Code     0  faddsub_clz.o(x$fpl$fadd)
    x$fpl$fcheck1                            0x08001ad8   Section       12  fcheck1.o(x$fpl$fcheck1)
    x$fpl$fdiv                               0x08001ae4   Section      388  fdiv.o(x$fpl$fdiv)
    _fdiv1                                   0x08001ae5   Thumb Code     0  fdiv.o(x$fpl$fdiv)
    x$fpl$fflt                               0x08001c68   Section       48  fflt_clz.o(x$fpl$fflt)
    x$fpl$fmul                               0x08001c98   Section      258  fmul.o(x$fpl$fmul)
    x$fpl$fnaninf                            0x08001d9a   Section      140  fnaninf.o(x$fpl$fnaninf)
    x$fpl$fretinf                            0x08001e26   Section       10  fretinf.o(x$fpl$fretinf)
    x$fpl$frsb                               0x08001e30   Section       20  faddsub_clz.o(x$fpl$frsb)
    x$fpl$fsqrt                              0x08001e44   Section      272  fsqrt.o(x$fpl$fsqrt)
    x$fpl$fsub                               0x08001f54   Section      234  faddsub_clz.o(x$fpl$fsub)
    _fsub1                                   0x08001f63   Thumb Code     0  faddsub_clz.o(x$fpl$fsub)
    x$fpl$retnan                             0x0800203e   Section      100  retnan.o(x$fpl$retnan)
    x$fpl$scalbnf                            0x080020a2   Section       76  scalbnf.o(x$fpl$scalbnf)
    x$fpl$trapveneer                         0x080020ee   Section       48  trapv.o(x$fpl$trapveneer)
    .constdata                               0x0800211e   Section     1520  oled.o(.constdata)
    x$fpl$usenofp                            0x0800211e   Section        0  usenofp.o(x$fpl$usenofp)
    .constdata                               0x0800270e   Section       10  mpu6050.o(.constdata)
    MPU_Init_Data                            0x0800270e   Data          10  mpu6050.o(.constdata)
    .data                                    0x20000000   Section       20  system_stm32f10x.o(.data)
    .data                                    0x20000014   Section        6  encoder.o(.data)
    encoder                                  0x20000014   Data           6  encoder.o(.data)
    .data                                    0x2000001a   Section       12  mpu6050.o(.data)
    gyro                                     0x2000001a   Data           6  mpu6050.o(.data)
    accel                                    0x20000020   Data           6  mpu6050.o(.data)
    .data                                    0x20000028   Section        4  delay.o(.data)
    .bss                                     0x2000002c   Section       48  button.o(.bss)
    keyInfo                                  0x2000002c   Data          48  button.o(.bss)
    .bss                                     0x2000005c   Section       96  libspace.o(.bss)
    HEAP                                     0x200000c0   Section      512  startup_stm32f10x_md.o(HEAP)
    Heap_Mem                                 0x200000c0   Data         512  startup_stm32f10x_md.o(HEAP)
    STACK                                    0x200002c0   Section     1024  startup_stm32f10x_md.o(STACK)
    Stack_Mem                                0x200002c0   Data        1024  startup_stm32f10x_md.o(STACK)
    __initial_sp                             0x200006c0   Data           0  startup_stm32f10x_md.o(STACK)

    Global Symbols

    Symbol Name                              Value     Ov Type        Size  Object(Section)

    BuildAttributes$$THM_ISAv4$P$D$K$B$S$PE$A:L22UL41UL21$X:L11$S22US41US21$IEEE1$IW$USESV6$~STKCKD$USESV7$~SHL$OTIME$ROPI$IEEEX$EBA8$UX$STANDARDLIB$REQ8$PRES8$EABIv2 0x00000000   Number         0  anon$$obj.o ABSOLUTE
    __ARM_use_no_argv                        0x00000000   Number         0  main.o ABSOLUTE
    __ARM_exceptions_init                     - Undefined Weak Reference
    __alloca_initialize                       - Undefined Weak Reference
    __arm_fini_                               - Undefined Weak Reference
    __arm_preinit_                            - Undefined Weak Reference
    __cpp_initialize__aeabi_                  - Undefined Weak Reference
    __cxa_finalize                            - Undefined Weak Reference
    __rt_locale                               - Undefined Weak Reference
    __sigvec_lookup                           - Undefined Weak Reference
    _atexit_init                              - Undefined Weak Reference
    _call_atexit_fns                          - Undefined Weak Reference
    _clock_init                               - Undefined Weak Reference
    _fp_trap_init                             - Undefined Weak Reference
    _fp_trap_shutdown                         - Undefined Weak Reference
    _get_lc_collate                           - Undefined Weak Reference
    _get_lc_ctype                             - Undefined Weak Reference
    _get_lc_monetary                          - Undefined Weak Reference
    _get_lc_numeric                           - Undefined Weak Reference
    _get_lc_time                              - Undefined Weak Reference
    _getenv_init                              - Undefined Weak Reference
    _handle_redirection                       - Undefined Weak Reference
    _init_alloc                               - Undefined Weak Reference
    _init_user_alloc                          - Undefined Weak Reference
    _initio                                   - Undefined Weak Reference
    _rand_init                                - Undefined Weak Reference
    _signal_finish                            - Undefined Weak Reference
    _signal_init                              - Undefined Weak Reference
    _terminate_alloc                          - Undefined Weak Reference
    _terminate_user_alloc                     - Undefined Weak Reference
    _terminateio                              - Undefined Weak Reference
    __Vectors_Size                           0x000000ec   Number         0  startup_stm32f10x_md.o ABSOLUTE
    __Vectors                                0x08000000   Data           4  startup_stm32f10x_md.o(RESET)
    __Vectors_End                            0x080000ec   Data           0  startup_stm32f10x_md.o(RESET)
    __main                                   0x080000ed   Thumb Code     8  __main.o(!!!main)
    __scatterload                            0x080000f5   Thumb Code     0  __scatter.o(!!!scatter)
    __scatterload_rt2                        0x080000f5   Thumb Code    44  __scatter.o(!!!scatter)
    __scatterload_rt2_thumb_only             0x080000f5   Thumb Code     0  __scatter.o(!!!scatter)
    __scatterload_null                       0x08000103   Thumb Code     0  __scatter.o(!!!scatter)
    __scatterload_copy                       0x08000129   Thumb Code    26  __scatter_copy.o(!!handler_copy)
    __scatterload_zeroinit                   0x08000145   Thumb Code    28  __scatter_zi.o(!!handler_zi)
    __rt_lib_init                            0x08000161   Thumb Code     0  libinit.o(.ARM.Collect$$libinit$$00000000)
    __rt_lib_init_alloca_1                   0x08000163   Thumb Code     0  libinit2.o(.ARM.Collect$$libinit$$0000002E)
    __rt_lib_init_argv_1                     0x08000163   Thumb Code     0  libinit2.o(.ARM.Collect$$libinit$$0000002C)
    __rt_lib_init_atexit_1                   0x08000163   Thumb Code     0  libinit2.o(.ARM.Collect$$libinit$$0000001B)
    __rt_lib_init_clock_1                    0x08000163   Thumb Code     0  libinit2.o(.ARM.Collect$$libinit$$00000021)
    __rt_lib_init_cpp_1                      0x08000163   Thumb Code     0  libinit2.o(.ARM.Collect$$libinit$$00000032)
    __rt_lib_init_exceptions_1               0x08000163   Thumb Code     0  libinit2.o(.ARM.Collect$$libinit$$00000030)
    __rt_lib_init_fp_1                       0x08000163   Thumb Code     0  libinit2.o(.ARM.Collect$$libinit$$00000002)
    __rt_lib_init_fp_trap_1                  0x08000163   Thumb Code     0  libinit2.o(.ARM.Collect$$libinit$$0000001F)
    __rt_lib_init_getenv_1                   0x08000163   Thumb Code     0  libinit2.o(.ARM.Collect$$libinit$$00000023)
    __rt_lib_init_heap_1                     0x08000163   Thumb Code     0  libinit2.o(.ARM.Collect$$libinit$$0000000A)
    __rt_lib_init_lc_collate_1               0x08000163   Thumb Code     0  libinit2.o(.ARM.Collect$$libinit$$00000011)
    __rt_lib_init_lc_ctype_1                 0x08000163   Thumb Code     0  libinit2.o(.ARM.Collect$$libinit$$00000013)
    __rt_lib_init_lc_monetary_1              0x08000163   Thumb Code     0  libinit2.o(.ARM.Collect$$libinit$$00000015)
    __rt_lib_init_lc_numeric_1               0x08000163   Thumb Code     0  libinit2.o(.ARM.Collect$$libinit$$00000017)
    __rt_lib_init_lc_time_1                  0x08000163   Thumb Code     0  libinit2.o(.ARM.Collect$$libinit$$00000019)
    __rt_lib_init_preinit_1                  0x08000163   Thumb Code     0  libinit2.o(.ARM.Collect$$libinit$$00000004)
    __rt_lib_init_rand_1                     0x08000163   Thumb Code     0  libinit2.o(.ARM.Collect$$libinit$$0000000E)
    __rt_lib_init_return                     0x08000163   Thumb Code     0  libinit2.o(.ARM.Collect$$libinit$$00000033)
    __rt_lib_init_signal_1                   0x08000163   Thumb Code     0  libinit2.o(.ARM.Collect$$libinit$$0000001D)
    __rt_lib_init_stdio_1                    0x08000163   Thumb Code     0  libinit2.o(.ARM.Collect$$libinit$$00000025)
    __rt_lib_init_user_alloc_1               0x08000163   Thumb Code     0  libinit2.o(.ARM.Collect$$libinit$$0000000C)
    __rt_lib_shutdown                        0x08000165   Thumb Code     0  libshutdown.o(.ARM.Collect$$libshutdown$$00000000)
    __rt_lib_shutdown_cpp_1                  0x08000167   Thumb Code     0  libshutdown2.o(.ARM.Collect$$libshutdown$$00000004)
    __rt_lib_shutdown_fini_1                 0x08000167   Thumb Code     0  libshutdown2.o(.ARM.Collect$$libshutdown$$00000002)
    __rt_lib_shutdown_fp_trap_1              0x08000167   Thumb Code     0  libshutdown2.o(.ARM.Collect$$libshutdown$$00000009)
    __rt_lib_shutdown_heap_1                 0x08000167   Thumb Code     0  libshutdown2.o(.ARM.Collect$$libshutdown$$00000011)
    __rt_lib_shutdown_return                 0x08000167   Thumb Code     0  libshutdown2.o(.ARM.Collect$$libshutdown$$00000012)
    __rt_lib_shutdown_signal_1               0x08000167   Thumb Code     0  libshutdown2.o(.ARM.Collect$$libshutdown$$0000000C)
    __rt_lib_shutdown_stdio_1                0x08000167   Thumb Code     0  libshutdown2.o(.ARM.Collect$$libshutdown$$00000006)
    __rt_lib_shutdown_user_alloc_1           0x08000167   Thumb Code     0  libshutdown2.o(.ARM.Collect$$libshutdown$$0000000E)
    __rt_entry                               0x08000169   Thumb Code     0  __rtentry.o(.ARM.Collect$$rtentry$$00000000)
    __rt_entry_presh_1                       0x08000169   Thumb Code     0  __rtentry2.o(.ARM.Collect$$rtentry$$00000002)
    __rt_entry_sh                            0x08000169   Thumb Code     0  __rtentry4.o(.ARM.Collect$$rtentry$$00000004)
    __rt_entry_li                            0x0800016f   Thumb Code     0  __rtentry2.o(.ARM.Collect$$rtentry$$0000000A)
    __rt_entry_postsh_1                      0x0800016f   Thumb Code     0  __rtentry2.o(.ARM.Collect$$rtentry$$00000009)
    __rt_entry_main                          0x08000173   Thumb Code     0  __rtentry2.o(.ARM.Collect$$rtentry$$0000000D)
    __rt_entry_postli_1                      0x08000173   Thumb Code     0  __rtentry2.o(.ARM.Collect$$rtentry$$0000000C)
    __rt_exit                                0x0800017b   Thumb Code     0  rtexit.o(.ARM.Collect$$rtexit$$00000000)
    __rt_exit_ls                             0x0800017d   Thumb Code     0  rtexit2.o(.ARM.Collect$$rtexit$$00000003)
    __rt_exit_prels_1                        0x0800017d   Thumb Code     0  rtexit2.o(.ARM.Collect$$rtexit$$00000002)
    __rt_exit_exit                           0x08000181   Thumb Code     0  rtexit2.o(.ARM.Collect$$rtexit$$00000004)
    Reset_Handler                            0x08000189   Thumb Code     8  startup_stm32f10x_md.o(.text)
    ADC1_2_IRQHandler                        0x080001a3   Thumb Code     0  startup_stm32f10x_md.o(.text)
    CAN1_RX1_IRQHandler                      0x080001a3   Thumb Code     0  startup_stm32f10x_md.o(.text)
    CAN1_SCE_IRQHandler                      0x080001a3   Thumb Code     0  startup_stm32f10x_md.o(.text)
    DMA1_Channel1_IRQHandler                 0x080001a3   Thumb Code     0  startup_stm32f10x_md.o(.text)
    DMA1_Channel2_IRQHandler                 0x080001a3   Thumb Code     0  startup_stm32f10x_md.o(.text)
    DMA1_Channel3_IRQHandler                 0x080001a3   Thumb Code     0  startup_stm32f10x_md.o(.text)
    DMA1_Channel4_IRQHandler                 0x080001a3   Thumb Code     0  startup_stm32f10x_md.o(.text)
    DMA1_Channel5_IRQHandler                 0x080001a3   Thumb Code     0  startup_stm32f10x_md.o(.text)
    DMA1_Channel6_IRQHandler                 0x080001a3   Thumb Code     0  startup_stm32f10x_md.o(.text)
    DMA1_Channel7_IRQHandler                 0x080001a3   Thumb Code     0  startup_stm32f10x_md.o(.text)
    EXTI0_IRQHandler                         0x080001a3   Thumb Code     0  startup_stm32f10x_md.o(.text)
    EXTI2_IRQHandler                         0x080001a3   Thumb Code     0  startup_stm32f10x_md.o(.text)
    EXTI3_IRQHandler                         0x080001a3   Thumb Code     0  startup_stm32f10x_md.o(.text)
    EXTI4_IRQHandler                         0x080001a3   Thumb Code     0  startup_stm32f10x_md.o(.text)
    FLASH_IRQHandler                         0x080001a3   Thumb Code     0  startup_stm32f10x_md.o(.text)
    I2C1_ER_IRQHandler                       0x080001a3   Thumb Code     0  startup_stm32f10x_md.o(.text)
    I2C1_EV_IRQHandler                       0x080001a3   Thumb Code     0  startup_stm32f10x_md.o(.text)
    I2C2_ER_IRQHandler                       0x080001a3   Thumb Code     0  startup_stm32f10x_md.o(.text)
    I2C2_EV_IRQHandler                       0x080001a3   Thumb Code     0  startup_stm32f10x_md.o(.text)
    PVD_IRQHandler                           0x080001a3   Thumb Code     0  startup_stm32f10x_md.o(.text)
    RCC_IRQHandler                           0x080001a3   Thumb Code     0  startup_stm32f10x_md.o(.text)
    RTCAlarm_IRQHandler                      0x080001a3   Thumb Code     0  startup_stm32f10x_md.o(.text)
    RTC_IRQHandler                           0x080001a3   Thumb Code     0  startup_stm32f10x_md.o(.text)
    SPI1_IRQHandler                          0x080001a3   Thumb Code     0  startup_stm32f10x_md.o(.text)
    SPI2_IRQHandler                          0x080001a3   Thumb Code     0  startup_stm32f10x_md.o(.text)
    TAMPER_IRQHandler                        0x080001a3   Thumb Code     0  startup_stm32f10x_md.o(.text)
    TIM1_BRK_IRQHandler                      0x080001a3   Thumb Code     0  startup_stm32f10x_md.o(.text)
    TIM1_CC_IRQHandler                       0x080001a3   Thumb Code     0  startup_stm32f10x_md.o(.text)
    TIM1_TRG_COM_IRQHandler                  0x080001a3   Thumb Code     0  startup_stm32f10x_md.o(.text)
    TIM1_UP_IRQHandler                       0x080001a3   Thumb Code     0  startup_stm32f10x_md.o(.text)
    TIM2_IRQHandler                          0x080001a3   Thumb Code     0  startup_stm32f10x_md.o(.text)
    TIM3_IRQHandler                          0x080001a3   Thumb Code     0  startup_stm32f10x_md.o(.text)
    TIM4_IRQHandler                          0x080001a3   Thumb Code     0  startup_stm32f10x_md.o(.text)
    USART1_IRQHandler                        0x080001a3   Thumb Code     0  startup_stm32f10x_md.o(.text)
    USART2_IRQHandler                        0x080001a3   Thumb Code     0  startup_stm32f10x_md.o(.text)
    USART3_IRQHandler                        0x080001a3   Thumb Code     0  startup_stm32f10x_md.o(.text)
    USBWakeUp_IRQHandler                     0x080001a3   Thumb Code     0  startup_stm32f10x_md.o(.text)
    USB_HP_CAN1_TX_IRQHandler                0x080001a3   Thumb Code     0  startup_stm32f10x_md.o(.text)
    USB_LP_CAN1_RX0_IRQHandler               0x080001a3   Thumb Code     0  startup_stm32f10x_md.o(.text)
    WWDG_IRQHandler                          0x080001a3   Thumb Code     0  startup_stm32f10x_md.o(.text)
    __user_initial_stackheap                 0x080001a5   Thumb Code     0  startup_stm32f10x_md.o(.text)
    __use_two_region_memory                  0x080001c9   Thumb Code     2  heapauxi.o(.text)
    __rt_heap_escrow$2region                 0x080001cb   Thumb Code     2  heapauxi.o(.text)
    __rt_heap_expand$2region                 0x080001cd   Thumb Code     2  heapauxi.o(.text)
    __read_errno                             0x080001cf   Thumb Code    10  _rserrno.o(.text)
    __set_errno                              0x080001d9   Thumb Code    12  _rserrno.o(.text)
    __aeabi_errno_addr                       0x080001e5   Thumb Code     8  rt_errno_addr_intlibspace.o(.text)
    __errno$intlibspace                      0x080001e5   Thumb Code     0  rt_errno_addr_intlibspace.o(.text)
    __rt_errno_addr$intlibspace              0x080001e5   Thumb Code     0  rt_errno_addr_intlibspace.o(.text)
    __user_libspace                          0x080001ed   Thumb Code     8  libspace.o(.text)
    __user_perproc_libspace                  0x080001ed   Thumb Code     0  libspace.o(.text)
    __user_perthread_libspace                0x080001ed   Thumb Code     0  libspace.o(.text)
    __user_setup_stackheap                   0x080001f5   Thumb Code    74  sys_stackheap_outer.o(.text)
    exit                                     0x0800023f   Thumb Code    18  exit.o(.text)
    _sys_exit                                0x08000251   Thumb Code     8  sys_exit.o(.text)
    __I$use$semihosting                      0x0800025d   Thumb Code     0  use_no_semi.o(.text)
    __use_no_semihosting_swi                 0x0800025d   Thumb Code     2  use_no_semi.o(.text)
    BusFault_Handler                         0x0800025f   Thumb Code     4  stm32f10x_it.o(i.BusFault_Handler)
    __semihosting_library_function           0x0800025f   Thumb Code     0  indicate_semi.o(.text)
    DebugMon_Handler                         0x08000263   Thumb Code     2  stm32f10x_it.o(i.DebugMon_Handler)
    EXTI15_10_IRQHandler                     0x08000265   Thumb Code    42  button.o(i.EXTI15_10_IRQHandler)
    EXTI1_IRQHandler                         0x08000295   Thumb Code    38  button.o(i.EXTI1_IRQHandler)
    EXTI9_5_IRQHandler                       0x080002c1   Thumb Code    64  button.o(i.EXTI9_5_IRQHandler)
    EXTI_ClearITPendingBit                   0x08000305   Thumb Code     6  stm32f10x_exti.o(i.EXTI_ClearITPendingBit)
    EXTI_GetITStatus                         0x08000311   Thumb Code    34  stm32f10x_exti.o(i.EXTI_GetITStatus)
    Encoder_ClearCount                       0x08000339   Thumb Code    10  encoder.o(i.Encoder_ClearCount)
    Encoder_GetCount                         0x08000345   Thumb Code    30  encoder.o(i.Encoder_GetCount)
    Encoder_GetState                         0x0800036d   Thumb Code    42  encoder.o(i.Encoder_GetState)
    Encoder_Init                             0x0800039d   Thumb Code   158  encoder.o(i.Encoder_Init)
    Encoder_SetCount                         0x08000449   Thumb Code    20  encoder.o(i.Encoder_SetCount)
    GPIO_Init                                0x08000465   Thumb Code   278  stm32f10x_gpio.o(i.GPIO_Init)
    GPIO_ReadInputDataBit                    0x0800057b   Thumb Code    18  stm32f10x_gpio.o(i.GPIO_ReadInputDataBit)
    GPIO_ResetBits                           0x0800058d   Thumb Code     4  stm32f10x_gpio.o(i.GPIO_ResetBits)
    GPIO_SetBits                             0x08000591   Thumb Code     4  stm32f10x_gpio.o(i.GPIO_SetBits)
    GPIO_WriteBit                            0x08000595   Thumb Code    10  stm32f10x_gpio.o(i.GPIO_WriteBit)
    GetTickCount                             0x080005a1   Thumb Code     6  delay.o(i.GetTickCount)
    HardFault_Handler                        0x080005ad   Thumb Code     4  stm32f10x_it.o(i.HardFault_Handler)
    I2C_Ack                                  0x080005b1   Thumb Code    60  i2c.o(i.I2C_Ack)
    I2C_Init_Software                        0x080005f1   Thumb Code    60  i2c.o(i.I2C_Init_Software)
    I2C_NAck                                 0x08000631   Thumb Code    60  i2c.o(i.I2C_NAck)
    I2C_ReadByte                             0x08000671   Thumb Code    90  i2c.o(i.I2C_ReadByte)
    I2C_ReadMultBytes                        0x080006d1   Thumb Code   116  i2c.o(i.I2C_ReadMultBytes)
    I2C_ReadReg                              0x08000745   Thumb Code    72  i2c.o(i.I2C_ReadReg)
    I2C_SendByte                             0x0800078d   Thumb Code   102  i2c.o(i.I2C_SendByte)
    I2C_Start                                0x080007f9   Thumb Code    60  i2c.o(i.I2C_Start)
    I2C_Stop                                 0x08000839   Thumb Code    60  i2c.o(i.I2C_Stop)
    I2C_WaitAck                              0x08000879   Thumb Code    86  i2c.o(i.I2C_WaitAck)
    I2C_WriteReg                             0x080008d5   Thumb Code    76  i2c.o(i.I2C_WriteReg)
    LED_AllOff                               0x08000921   Thumb Code    36  led.o(i.LED_AllOff)
    LED_Init                                 0x08000945   Thumb Code    44  led.o(i.LED_Init)
    LED_Off                                  0x08000975   Thumb Code    14  led.o(i.LED_Off)
    LED_On                                   0x08000989   Thumb Code    14  led.o(i.LED_On)
    LED_Toggle                               0x0800099d   Thumb Code    12  led.o(i.LED_Toggle)
    MPU6050_GetAttitude                      0x080009ad   Thumb Code   176  mpu6050.o(i.MPU6050_GetAttitude)
    MPU6050_GetData                          0x08000a69   Thumb Code   132  mpu6050.o(i.MPU6050_GetData)
    MPU6050_Init                             0x08000aed   Thumb Code    66  mpu6050.o(i.MPU6050_Init)
    MPU6050_ReadID                           0x08000b35   Thumb Code    12  mpu6050.o(i.MPU6050_ReadID)
    MemManage_Handler                        0x08000b41   Thumb Code     4  stm32f10x_it.o(i.MemManage_Handler)
    NMI_Handler                              0x08000b45   Thumb Code     2  stm32f10x_it.o(i.NMI_Handler)
    OLED_Clear                               0x08000b47   Thumb Code    42  oled.o(i.OLED_Clear)
    OLED_I2C_Init                            0x08000b71   Thumb Code    58  oled.o(i.OLED_I2C_Init)
    OLED_I2C_SendByte                        0x08000bb1   Thumb Code    74  oled.o(i.OLED_I2C_SendByte)
    OLED_I2C_Start                           0x08000c01   Thumb Code    44  oled.o(i.OLED_I2C_Start)
    OLED_I2C_Stop                            0x08000c31   Thumb Code    34  oled.o(i.OLED_I2C_Stop)
    OLED_Init                                0x08000c59   Thumb Code   174  oled.o(i.OLED_Init)
    OLED_Pow                                 0x08000d07   Thumb Code    20  oled.o(i.OLED_Pow)
    OLED_SetCursor                           0x08000d1b   Thumb Code    34  oled.o(i.OLED_SetCursor)
    OLED_ShowChar                            0x08000d3d   Thumb Code   110  oled.o(i.OLED_ShowChar)
    OLED_ShowHexNum                          0x08000db1   Thumb Code    84  oled.o(i.OLED_ShowHexNum)
    OLED_ShowNum                             0x08000e05   Thumb Code    68  oled.o(i.OLED_ShowNum)
    OLED_ShowString                          0x08000e49   Thumb Code    40  oled.o(i.OLED_ShowString)
    OLED_WriteCommand                        0x08000e71   Thumb Code    32  oled.o(i.OLED_WriteCommand)
    OLED_WriteData                           0x08000e91   Thumb Code    32  oled.o(i.OLED_WriteData)
    PendSV_Handler                           0x08000eb1   Thumb Code     2  stm32f10x_it.o(i.PendSV_Handler)
    RCC_APB1PeriphClockCmd                   0x08000eb5   Thumb Code    26  stm32f10x_rcc.o(i.RCC_APB1PeriphClockCmd)
    RCC_APB2PeriphClockCmd                   0x08000ed5   Thumb Code    26  stm32f10x_rcc.o(i.RCC_APB2PeriphClockCmd)
    SVC_Handler                              0x08000f3d   Thumb Code     2  stm32f10x_it.o(i.SVC_Handler)
    SysTick_CLKSourceConfig                  0x08001029   Thumb Code    40  misc.o(i.SysTick_CLKSourceConfig)
    SysTick_Handler                          0x08001051   Thumb Code    12  delay.o(i.SysTick_Handler)
    SystemInit                               0x08001061   Thumb Code    78  system_stm32f10x.o(i.SystemInit)
    TIM_Cmd                                  0x08001301   Thumb Code    24  stm32f10x_tim.o(i.TIM_Cmd)
    TIM_EncoderInterfaceConfig               0x08001319   Thumb Code    66  stm32f10x_tim.o(i.TIM_EncoderInterfaceConfig)
    TIM_GetCounter                           0x0800135b   Thumb Code     6  stm32f10x_tim.o(i.TIM_GetCounter)
    TIM_ICInit                               0x08001361   Thumb Code   150  stm32f10x_tim.o(i.TIM_ICInit)
    TIM_SetCounter                           0x0800140d   Thumb Code     4  stm32f10x_tim.o(i.TIM_SetCounter)
    TIM_SetIC1Prescaler                      0x08001411   Thumb Code    18  stm32f10x_tim.o(i.TIM_SetIC1Prescaler)
    TIM_SetIC2Prescaler                      0x08001423   Thumb Code    26  stm32f10x_tim.o(i.TIM_SetIC2Prescaler)
    TIM_SetIC3Prescaler                      0x0800143d   Thumb Code    18  stm32f10x_tim.o(i.TIM_SetIC3Prescaler)
    TIM_SetIC4Prescaler                      0x0800144f   Thumb Code    26  stm32f10x_tim.o(i.TIM_SetIC4Prescaler)
    TIM_TimeBaseInit                         0x08001469   Thumb Code   122  stm32f10x_tim.o(i.TIM_TimeBaseInit)
    UsageFault_Handler                       0x0800150d   Thumb Code     4  stm32f10x_it.o(i.UsageFault_Handler)
    __ARM_fpclassifyf                        0x08001511   Thumb Code    38  fpclassifyf.o(i.__ARM_fpclassifyf)
    __mathlib_flt_infnan2                    0x08001537   Thumb Code     4  funder.o(i.__mathlib_flt_infnan2)
    __mathlib_flt_underflow                  0x0800153b   Thumb Code    10  funder.o(i.__mathlib_flt_underflow)
    atan2f                                   0x08001545   Thumb Code   598  atan2f.o(i.atan2f)
    delay_init                               0x080017e9   Thumb Code    38  delay.o(i.delay_init)
    delay_ms                                 0x08001815   Thumb Code    18  delay.o(i.delay_ms)
    delay_us                                 0x0800182d   Thumb Code    60  delay.o(i.delay_us)
    main                                     0x08001871   Thumb Code   310  main.o(i.main)
    sqrtf                                    0x080019e9   Thumb Code    44  sqrtf.o(i.sqrtf)
    __aeabi_fadd                             0x08001a15   Thumb Code     0  faddsub_clz.o(x$fpl$fadd)
    _fadd                                    0x08001a15   Thumb Code   196  faddsub_clz.o(x$fpl$fadd)
    __fpl_fcheck_NaN1                        0x08001ad9   Thumb Code     6  fcheck1.o(x$fpl$fcheck1)
    __aeabi_fdiv                             0x08001ae5   Thumb Code     0  fdiv.o(x$fpl$fdiv)
    _fdiv                                    0x08001ae5   Thumb Code   384  fdiv.o(x$fpl$fdiv)
    __aeabi_i2f                              0x08001c69   Thumb Code     0  fflt_clz.o(x$fpl$fflt)
    _fflt                                    0x08001c69   Thumb Code    48  fflt_clz.o(x$fpl$fflt)
    __aeabi_fmul                             0x08001c99   Thumb Code     0  fmul.o(x$fpl$fmul)
    _fmul                                    0x08001c99   Thumb Code   258  fmul.o(x$fpl$fmul)
    __fpl_fnaninf                            0x08001d9b   Thumb Code   140  fnaninf.o(x$fpl$fnaninf)
    __fpl_fretinf                            0x08001e27   Thumb Code    10  fretinf.o(x$fpl$fretinf)
    __aeabi_frsub                            0x08001e31   Thumb Code     0  faddsub_clz.o(x$fpl$frsb)
    _frsb                                    0x08001e31   Thumb Code    20  faddsub_clz.o(x$fpl$frsb)
    _fsqrt                                   0x08001e45   Thumb Code   272  fsqrt.o(x$fpl$fsqrt)
    __aeabi_fsub                             0x08001f55   Thumb Code     0  faddsub_clz.o(x$fpl$fsub)
    _fsub                                    0x08001f55   Thumb Code   234  faddsub_clz.o(x$fpl$fsub)
    __fpl_return_NaN                         0x0800203f   Thumb Code   100  retnan.o(x$fpl$retnan)
    __ARM_scalbnf                            0x080020a3   Thumb Code    76  scalbnf.o(x$fpl$scalbnf)
    __fpl_cmpreturn                          0x080020ef   Thumb Code    48  trapv.o(x$fpl$trapveneer)
    OLED_F8x16                               0x0800211e   Data        1520  oled.o(.constdata)
    __I$use$fp                               0x0800211e   Number         0  usenofp.o(x$fpl$usenofp)
    Region$$Table$$Base                      0x08002718   Number         0  anon$$obj.o(Region$$Table)
    Region$$Table$$Limit                     0x08002738   Number         0  anon$$obj.o(Region$$Table)
    SystemCoreClock                          0x20000000   Data           4  system_stm32f10x.o(.data)
    AHBPrescTable                            0x20000004   Data          16  system_stm32f10x.o(.data)
    sysTickCount                             0x20000028   Data           4  delay.o(.data)
    __libspace_start                         0x2000005c   Data          96  libspace.o(.bss)
    __temporary_stack_top$libspace           0x200000bc   Data           0  libspace.o(.bss)



==============================================================================

Memory Map of the image

  Image Entry point : 0x080000ed

  Load Region LR_IROM1 (Base: 0x08000000, Size: 0x00002764, Max: 0x00010000, ABSOLUTE)

    Execution Region ER_IROM1 (Exec base: 0x08000000, Load base: 0x08000000, Size: 0x00002738, Max: 0x00010000, ABSOLUTE)

    Exec Addr    Load Addr    Size         Type   Attr      Idx    E Section Name        Object

    0x08000000   0x08000000   0x000000ec   Data   RO            3    RESET               startup_stm32f10x_md.o
    0x080000ec   0x080000ec   0x00000008   Code   RO         3892  * !!!main             c_w.l(__main.o)
    0x080000f4   0x080000f4   0x00000034   Code   RO         4188    !!!scatter          c_w.l(__scatter.o)
    0x08000128   0x08000128   0x0000001a   Code   RO         4190    !!handler_copy      c_w.l(__scatter_copy.o)
    0x08000142   0x08000142   0x00000002   PAD
    0x08000144   0x08000144   0x0000001c   Code   RO         4192    !!handler_zi        c_w.l(__scatter_zi.o)
    0x08000160   0x08000160   0x00000002   Code   RO         4053    .ARM.Collect$$libinit$$00000000  c_w.l(libinit.o)
    0x08000162   0x08000162   0x00000000   Code   RO         4061    .ARM.Collect$$libinit$$00000002  c_w.l(libinit2.o)
    0x08000162   0x08000162   0x00000000   Code   RO         4063    .ARM.Collect$$libinit$$00000004  c_w.l(libinit2.o)
    0x08000162   0x08000162   0x00000000   Code   RO         4066    .ARM.Collect$$libinit$$0000000A  c_w.l(libinit2.o)
    0x08000162   0x08000162   0x00000000   Code   RO         4068    .ARM.Collect$$libinit$$0000000C  c_w.l(libinit2.o)
    0x08000162   0x08000162   0x00000000   Code   RO         4070    .ARM.Collect$$libinit$$0000000E  c_w.l(libinit2.o)
    0x08000162   0x08000162   0x00000000   Code   RO         4073    .ARM.Collect$$libinit$$00000011  c_w.l(libinit2.o)
    0x08000162   0x08000162   0x00000000   Code   RO         4075    .ARM.Collect$$libinit$$00000013  c_w.l(libinit2.o)
    0x08000162   0x08000162   0x00000000   Code   RO         4077    .ARM.Collect$$libinit$$00000015  c_w.l(libinit2.o)
    0x08000162   0x08000162   0x00000000   Code   RO         4079    .ARM.Collect$$libinit$$00000017  c_w.l(libinit2.o)
    0x08000162   0x08000162   0x00000000   Code   RO         4081    .ARM.Collect$$libinit$$00000019  c_w.l(libinit2.o)
    0x08000162   0x08000162   0x00000000   Code   RO         4083    .ARM.Collect$$libinit$$0000001B  c_w.l(libinit2.o)
    0x08000162   0x08000162   0x00000000   Code   RO         4085    .ARM.Collect$$libinit$$0000001D  c_w.l(libinit2.o)
    0x08000162   0x08000162   0x00000000   Code   RO         4087    .ARM.Collect$$libinit$$0000001F  c_w.l(libinit2.o)
    0x08000162   0x08000162   0x00000000   Code   RO         4089    .ARM.Collect$$libinit$$00000021  c_w.l(libinit2.o)
    0x08000162   0x08000162   0x00000000   Code   RO         4091    .ARM.Collect$$libinit$$00000023  c_w.l(libinit2.o)
    0x08000162   0x08000162   0x00000000   Code   RO         4093    .ARM.Collect$$libinit$$00000025  c_w.l(libinit2.o)
    0x08000162   0x08000162   0x00000000   Code   RO         4097    .ARM.Collect$$libinit$$0000002C  c_w.l(libinit2.o)
    0x08000162   0x08000162   0x00000000   Code   RO         4099    .ARM.Collect$$libinit$$0000002E  c_w.l(libinit2.o)
    0x08000162   0x08000162   0x00000000   Code   RO         4101    .ARM.Collect$$libinit$$00000030  c_w.l(libinit2.o)
    0x08000162   0x08000162   0x00000000   Code   RO         4103    .ARM.Collect$$libinit$$00000032  c_w.l(libinit2.o)
    0x08000162   0x08000162   0x00000002   Code   RO         4104    .ARM.Collect$$libinit$$00000033  c_w.l(libinit2.o)
    0x08000164   0x08000164   0x00000002   Code   RO         4126    .ARM.Collect$$libshutdown$$00000000  c_w.l(libshutdown.o)
    0x08000166   0x08000166   0x00000000   Code   RO         4139    .ARM.Collect$$libshutdown$$00000002  c_w.l(libshutdown2.o)
    0x08000166   0x08000166   0x00000000   Code   RO         4141    .ARM.Collect$$libshutdown$$00000004  c_w.l(libshutdown2.o)
    0x08000166   0x08000166   0x00000000   Code   RO         4143    .ARM.Collect$$libshutdown$$00000006  c_w.l(libshutdown2.o)
    0x08000166   0x08000166   0x00000000   Code   RO         4146    .ARM.Collect$$libshutdown$$00000009  c_w.l(libshutdown2.o)
    0x08000166   0x08000166   0x00000000   Code   RO         4149    .ARM.Collect$$libshutdown$$0000000C  c_w.l(libshutdown2.o)
    0x08000166   0x08000166   0x00000000   Code   RO         4151    .ARM.Collect$$libshutdown$$0000000E  c_w.l(libshutdown2.o)
    0x08000166   0x08000166   0x00000000   Code   RO         4154    .ARM.Collect$$libshutdown$$00000011  c_w.l(libshutdown2.o)
    0x08000166   0x08000166   0x00000002   Code   RO         4155    .ARM.Collect$$libshutdown$$00000012  c_w.l(libshutdown2.o)
    0x08000168   0x08000168   0x00000000   Code   RO         3944    .ARM.Collect$$rtentry$$00000000  c_w.l(__rtentry.o)
    0x08000168   0x08000168   0x00000000   Code   RO         4016    .ARM.Collect$$rtentry$$00000002  c_w.l(__rtentry2.o)
    0x08000168   0x08000168   0x00000006   Code   RO         4028    .ARM.Collect$$rtentry$$00000004  c_w.l(__rtentry4.o)
    0x0800016e   0x0800016e   0x00000000   Code   RO         4018    .ARM.Collect$$rtentry$$00000009  c_w.l(__rtentry2.o)
    0x0800016e   0x0800016e   0x00000004   Code   RO         4019    .ARM.Collect$$rtentry$$0000000A  c_w.l(__rtentry2.o)
    0x08000172   0x08000172   0x00000000   Code   RO         4021    .ARM.Collect$$rtentry$$0000000C  c_w.l(__rtentry2.o)
    0x08000172   0x08000172   0x00000008   Code   RO         4022    .ARM.Collect$$rtentry$$0000000D  c_w.l(__rtentry2.o)
    0x0800017a   0x0800017a   0x00000002   Code   RO         4058    .ARM.Collect$$rtexit$$00000000  c_w.l(rtexit.o)
    0x0800017c   0x0800017c   0x00000000   Code   RO         4108    .ARM.Collect$$rtexit$$00000002  c_w.l(rtexit2.o)
    0x0800017c   0x0800017c   0x00000004   Code   RO         4109    .ARM.Collect$$rtexit$$00000003  c_w.l(rtexit2.o)
    0x08000180   0x08000180   0x00000006   Code   RO         4110    .ARM.Collect$$rtexit$$00000004  c_w.l(rtexit2.o)
    0x08000186   0x08000186   0x00000002   PAD
    0x08000188   0x08000188   0x00000040   Code   RO            4    .text               startup_stm32f10x_md.o
    0x080001c8   0x080001c8   0x00000006   Code   RO         3890    .text               c_w.l(heapauxi.o)
    0x080001ce   0x080001ce   0x00000016   Code   RO         3945    .text               c_w.l(_rserrno.o)
    0x080001e4   0x080001e4   0x00000008   Code   RO         4033    .text               c_w.l(rt_errno_addr_intlibspace.o)
    0x080001ec   0x080001ec   0x00000008   Code   RO         4041    .text               c_w.l(libspace.o)
    0x080001f4   0x080001f4   0x0000004a   Code   RO         4044    .text               c_w.l(sys_stackheap_outer.o)
    0x0800023e   0x0800023e   0x00000012   Code   RO         4046    .text               c_w.l(exit.o)
    0x08000250   0x08000250   0x0000000c   Code   RO         4118    .text               c_w.l(sys_exit.o)
    0x0800025c   0x0800025c   0x00000002   Code   RO         4129    .text               c_w.l(use_no_semi.o)
    0x0800025e   0x0800025e   0x00000000   Code   RO         4131    .text               c_w.l(indicate_semi.o)
    0x0800025e   0x0800025e   0x00000004   Code   RO         3235    i.BusFault_Handler  stm32f10x_it.o
    0x08000262   0x08000262   0x00000002   Code   RO         3236    i.DebugMon_Handler  stm32f10x_it.o
    0x08000264   0x08000264   0x00000030   Code   RO         3458    i.EXTI15_10_IRQHandler  button.o
    0x08000294   0x08000294   0x0000002c   Code   RO         3459    i.EXTI1_IRQHandler  button.o
    0x080002c0   0x080002c0   0x00000044   Code   RO         3460    i.EXTI9_5_IRQHandler  button.o
    0x08000304   0x08000304   0x0000000c   Code   RO          985    i.EXTI_ClearITPendingBit  stm32f10x_exti.o
    0x08000310   0x08000310   0x00000028   Code   RO          989    i.EXTI_GetITStatus  stm32f10x_exti.o
    0x08000338   0x08000338   0x0000000a   Code   RO         3509    i.Encoder_ClearCount  encoder.o
    0x08000342   0x08000342   0x00000002   PAD
    0x08000344   0x08000344   0x00000028   Code   RO         3511    i.Encoder_GetCount  encoder.o
    0x0800036c   0x0800036c   0x00000030   Code   RO         3512    i.Encoder_GetState  encoder.o
    0x0800039c   0x0800039c   0x000000ac   Code   RO         3513    i.Encoder_Init      encoder.o
    0x08000448   0x08000448   0x0000001c   Code   RO         3514    i.Encoder_SetCount  encoder.o
    0x08000464   0x08000464   0x00000116   Code   RO         1347    i.GPIO_Init         stm32f10x_gpio.o
    0x0800057a   0x0800057a   0x00000012   Code   RO         1351    i.GPIO_ReadInputDataBit  stm32f10x_gpio.o
    0x0800058c   0x0800058c   0x00000004   Code   RO         1354    i.GPIO_ResetBits    stm32f10x_gpio.o
    0x08000590   0x08000590   0x00000004   Code   RO         1355    i.GPIO_SetBits      stm32f10x_gpio.o
    0x08000594   0x08000594   0x0000000a   Code   RO         1358    i.GPIO_WriteBit     stm32f10x_gpio.o
    0x0800059e   0x0800059e   0x00000002   PAD
    0x080005a0   0x080005a0   0x0000000c   Code   RO         3834    i.GetTickCount      delay.o
    0x080005ac   0x080005ac   0x00000004   Code   RO         3237    i.HardFault_Handler  stm32f10x_it.o
    0x080005b0   0x080005b0   0x00000040   Code   RO         3734    i.I2C_Ack           i2c.o
    0x080005f0   0x080005f0   0x00000040   Code   RO         3735    i.I2C_Init_Software  i2c.o
    0x08000630   0x08000630   0x00000040   Code   RO         3736    i.I2C_NAck          i2c.o
    0x08000670   0x08000670   0x00000060   Code   RO         3737    i.I2C_ReadByte      i2c.o
    0x080006d0   0x080006d0   0x00000074   Code   RO         3738    i.I2C_ReadMultBytes  i2c.o
    0x08000744   0x08000744   0x00000048   Code   RO         3739    i.I2C_ReadReg       i2c.o
    0x0800078c   0x0800078c   0x0000006c   Code   RO         3740    i.I2C_SendByte      i2c.o
    0x080007f8   0x080007f8   0x00000040   Code   RO         3741    i.I2C_Start         i2c.o
    0x08000838   0x08000838   0x00000040   Code   RO         3742    i.I2C_Stop          i2c.o
    0x08000878   0x08000878   0x0000005c   Code   RO         3743    i.I2C_WaitAck       i2c.o
    0x080008d4   0x080008d4   0x0000004c   Code   RO         3744    i.I2C_WriteReg      i2c.o
    0x08000920   0x08000920   0x00000024   Code   RO         3557    i.LED_AllOff        led.o
    0x08000944   0x08000944   0x00000030   Code   RO         3560    i.LED_Init          led.o
    0x08000974   0x08000974   0x00000014   Code   RO         3561    i.LED_Off           led.o
    0x08000988   0x08000988   0x00000014   Code   RO         3562    i.LED_On            led.o
    0x0800099c   0x0800099c   0x00000010   Code   RO         3565    i.LED_Toggle        led.o
    0x080009ac   0x080009ac   0x000000bc   Code   RO         3658    i.MPU6050_GetAttitude  mpu6050.o
    0x08000a68   0x08000a68   0x00000084   Code   RO         3659    i.MPU6050_GetData   mpu6050.o
    0x08000aec   0x08000aec   0x00000048   Code   RO         3660    i.MPU6050_Init      mpu6050.o
    0x08000b34   0x08000b34   0x0000000c   Code   RO         3661    i.MPU6050_ReadID    mpu6050.o
    0x08000b40   0x08000b40   0x00000004   Code   RO         3238    i.MemManage_Handler  stm32f10x_it.o
    0x08000b44   0x08000b44   0x00000002   Code   RO         3239    i.NMI_Handler       stm32f10x_it.o
    0x08000b46   0x08000b46   0x0000002a   Code   RO         3298    i.OLED_Clear        oled.o
    0x08000b70   0x08000b70   0x00000040   Code   RO         3299    i.OLED_I2C_Init     oled.o
    0x08000bb0   0x08000bb0   0x00000050   Code   RO         3300    i.OLED_I2C_SendByte  oled.o
    0x08000c00   0x08000c00   0x00000030   Code   RO         3301    i.OLED_I2C_Start    oled.o
    0x08000c30   0x08000c30   0x00000028   Code   RO         3302    i.OLED_I2C_Stop     oled.o
    0x08000c58   0x08000c58   0x000000ae   Code   RO         3303    i.OLED_Init         oled.o
    0x08000d06   0x08000d06   0x00000014   Code   RO         3304    i.OLED_Pow          oled.o
    0x08000d1a   0x08000d1a   0x00000022   Code   RO         3305    i.OLED_SetCursor    oled.o
    0x08000d3c   0x08000d3c   0x00000074   Code   RO         3307    i.OLED_ShowChar     oled.o
    0x08000db0   0x08000db0   0x00000054   Code   RO         3308    i.OLED_ShowHexNum   oled.o
    0x08000e04   0x08000e04   0x00000044   Code   RO         3309    i.OLED_ShowNum      oled.o
    0x08000e48   0x08000e48   0x00000028   Code   RO         3311    i.OLED_ShowString   oled.o
    0x08000e70   0x08000e70   0x00000020   Code   RO         3312    i.OLED_WriteCommand  oled.o
    0x08000e90   0x08000e90   0x00000020   Code   RO         3313    i.OLED_WriteData    oled.o
    0x08000eb0   0x08000eb0   0x00000002   Code   RO         3240    i.PendSV_Handler    stm32f10x_it.o
    0x08000eb2   0x08000eb2   0x00000002   PAD
    0x08000eb4   0x08000eb4   0x00000020   Code   RO         1775    i.RCC_APB1PeriphClockCmd  stm32f10x_rcc.o
    0x08000ed4   0x08000ed4   0x00000020   Code   RO         1777    i.RCC_APB2PeriphClockCmd  stm32f10x_rcc.o
    0x08000ef4   0x08000ef4   0x00000024   Code   RO         3745    i.SDA_IN            i2c.o
    0x08000f18   0x08000f18   0x00000024   Code   RO         3746    i.SDA_OUT           i2c.o
    0x08000f3c   0x08000f3c   0x00000002   Code   RO         3241    i.SVC_Handler       stm32f10x_it.o
    0x08000f3e   0x08000f3e   0x00000008   Code   RO           10    i.SetSysClock       system_stm32f10x.o
    0x08000f46   0x08000f46   0x00000002   PAD
    0x08000f48   0x08000f48   0x000000e0   Code   RO           11    i.SetSysClockTo72   system_stm32f10x.o
    0x08001028   0x08001028   0x00000028   Code   RO          141    i.SysTick_CLKSourceConfig  misc.o
    0x08001050   0x08001050   0x00000010   Code   RO         3835    i.SysTick_Handler   delay.o
    0x08001060   0x08001060   0x00000060   Code   RO           13    i.SystemInit        system_stm32f10x.o
    0x080010c0   0x080010c0   0x00000080   Code   RO         2405    i.TI1_Config        stm32f10x_tim.o
    0x08001140   0x08001140   0x00000098   Code   RO         2406    i.TI2_Config        stm32f10x_tim.o
    0x080011d8   0x080011d8   0x00000090   Code   RO         2407    i.TI3_Config        stm32f10x_tim.o
    0x08001268   0x08001268   0x00000098   Code   RO         2408    i.TI4_Config        stm32f10x_tim.o
    0x08001300   0x08001300   0x00000018   Code   RO         2421    i.TIM_Cmd           stm32f10x_tim.o
    0x08001318   0x08001318   0x00000042   Code   RO         2430    i.TIM_EncoderInterfaceConfig  stm32f10x_tim.o
    0x0800135a   0x0800135a   0x00000006   Code   RO         2440    i.TIM_GetCounter    stm32f10x_tim.o
    0x08001360   0x08001360   0x000000ac   Code   RO         2444    i.TIM_ICInit        stm32f10x_tim.o
    0x0800140c   0x0800140c   0x00000004   Code   RO         2486    i.TIM_SetCounter    stm32f10x_tim.o
    0x08001410   0x08001410   0x00000012   Code   RO         2487    i.TIM_SetIC1Prescaler  stm32f10x_tim.o
    0x08001422   0x08001422   0x0000001a   Code   RO         2488    i.TIM_SetIC2Prescaler  stm32f10x_tim.o
    0x0800143c   0x0800143c   0x00000012   Code   RO         2489    i.TIM_SetIC3Prescaler  stm32f10x_tim.o
    0x0800144e   0x0800144e   0x0000001a   Code   RO         2490    i.TIM_SetIC4Prescaler  stm32f10x_tim.o
    0x08001468   0x08001468   0x000000a4   Code   RO         2492    i.TIM_TimeBaseInit  stm32f10x_tim.o
    0x0800150c   0x0800150c   0x00000004   Code   RO         3243    i.UsageFault_Handler  stm32f10x_it.o
    0x08001510   0x08001510   0x00000026   Code   RO         3996    i.__ARM_fpclassifyf  m_ws.l(fpclassifyf.o)
    0x08001536   0x08001536   0x00000004   Code   RO         4000    i.__mathlib_flt_infnan2  m_ws.l(funder.o)
    0x0800153a   0x0800153a   0x0000000a   Code   RO         4004    i.__mathlib_flt_underflow  m_ws.l(funder.o)
    0x08001544   0x08001544   0x000002a4   Code   RO         3919    i.atan2f            m_ws.l(atan2f.o)
    0x080017e8   0x080017e8   0x0000002c   Code   RO         3836    i.delay_init        delay.o
    0x08001814   0x08001814   0x00000018   Code   RO         3837    i.delay_ms          delay.o
    0x0800182c   0x0800182c   0x00000044   Code   RO         3838    i.delay_us          delay.o
    0x08001870   0x08001870   0x00000178   Code   RO         3196    i.main              main.o
    0x080019e8   0x080019e8   0x0000002c   Code   RO         3937    i.sqrtf             m_ws.l(sqrtf.o)
    0x08001a14   0x08001a14   0x000000c4   Code   RO         3898    x$fpl$fadd          fz_ws.l(faddsub_clz.o)
    0x08001ad8   0x08001ad8   0x0000000c   Code   RO         4054    x$fpl$fcheck1       fz_ws.l(fcheck1.o)
    0x08001ae4   0x08001ae4   0x00000184   Code   RO         3905    x$fpl$fdiv          fz_ws.l(fdiv.o)
    0x08001c68   0x08001c68   0x00000030   Code   RO         3909    x$fpl$fflt          fz_ws.l(fflt_clz.o)
    0x08001c98   0x08001c98   0x00000102   Code   RO         3916    x$fpl$fmul          fz_ws.l(fmul.o)
    0x08001d9a   0x08001d9a   0x0000008c   Code   RO         3973    x$fpl$fnaninf       fz_ws.l(fnaninf.o)
    0x08001e26   0x08001e26   0x0000000a   Code   RO         3975    x$fpl$fretinf       fz_ws.l(fretinf.o)
    0x08001e30   0x08001e30   0x00000014   Code   RO         3899    x$fpl$frsb          fz_ws.l(faddsub_clz.o)
    0x08001e44   0x08001e44   0x00000110   Code   RO         3977    x$fpl$fsqrt         fz_ws.l(fsqrt.o)
    0x08001f54   0x08001f54   0x000000ea   Code   RO         3900    x$fpl$fsub          fz_ws.l(faddsub_clz.o)
    0x0800203e   0x0800203e   0x00000064   Code   RO         4056    x$fpl$retnan        fz_ws.l(retnan.o)
    0x080020a2   0x080020a2   0x0000004c   Code   RO         4039    x$fpl$scalbnf       fz_ws.l(scalbnf.o)
    0x080020ee   0x080020ee   0x00000030   Code   RO         4105    x$fpl$trapveneer    fz_ws.l(trapv.o)
    0x0800211e   0x0800211e   0x00000000   Code   RO         3981    x$fpl$usenofp       fz_ws.l(usenofp.o)
    0x0800211e   0x0800211e   0x000005f0   Data   RO         3314    .constdata          oled.o
    0x0800270e   0x0800270e   0x0000000a   Data   RO         3662    .constdata          mpu6050.o
    0x08002718   0x08002718   0x00000020   Data   RO         4186    Region$$Table       anon$$obj.o


    Execution Region RW_IRAM1 (Exec base: 0x20000000, Load base: 0x08002738, Size: 0x000006c0, Max: 0x00005000, ABSOLUTE)

    Exec Addr    Load Addr    Size         Type   Attr      Idx    E Section Name        Object

    0x20000000   0x08002738   0x00000014   Data   RW           14    .data               system_stm32f10x.o
    0x20000014   0x0800274c   0x00000006   Data   RW         3515    .data               encoder.o
    0x2000001a   0x08002752   0x0000000c   Data   RW         3663    .data               mpu6050.o
    0x20000026   0x0800275e   0x00000002   PAD
    0x20000028   0x08002760   0x00000004   Data   RW         3839    .data               delay.o
    0x2000002c        -       0x00000030   Zero   RW         3461    .bss                button.o
    0x2000005c        -       0x00000060   Zero   RW         4042    .bss                c_w.l(libspace.o)
    0x200000bc   0x08002764   0x00000004   PAD
    0x200000c0        -       0x00000200   Zero   RW            2    HEAP                startup_stm32f10x_md.o
    0x200002c0        -       0x00000400   Zero   RW            1    STACK               startup_stm32f10x_md.o


==============================================================================

Image component sizes


      Code (inc. data)   RO Data    RW Data    ZI Data      Debug   Object Name

       160         16          0          0         48       2419   button.o
       164         30          0          4          0       2667   delay.o
       298         38          0          6          0       3037   encoder.o
       952         46          0          0          0       7145   i2c.o
       140         20          0          0          0       2116   led.o
       376         66          0          0          0       2855   main.o
        40          0          0          0          0     202110   misc.o
       404         18         10         12          0       4448   mpu6050.o
       874         28       1520          0          0       7731   oled.o
        64         26        236          0       1536        792   startup_stm32f10x_md.o
        52         12          0          0          0        996   stm32f10x_exti.o
       314          0          0          0          0      12108   stm32f10x_gpio.o
        24          0          0          0          0       3068   stm32f10x_it.o
        64         12          0          0          0       1010   stm32f10x_rcc.o
      1100        150          0          0          0      28849   stm32f10x_tim.o
       328         28          0         20          0      35049   system_stm32f10x.o

    ----------------------------------------------------------------------
      5362        490       1798         44       1584     316400   Object Totals
         0          0         32          0          0          0   (incl. Generated)
         8          0          0          2          0          0   (incl. Padding)

    ----------------------------------------------------------------------

      Code (inc. data)   RO Data    RW Data    ZI Data      Debug   Library Member Name

         8          0          0          0          0         68   __main.o
         0          0          0          0          0          0   __rtentry.o
        12          0          0          0          0          0   __rtentry2.o
         6          0          0          0          0          0   __rtentry4.o
        52          8          0          0          0          0   __scatter.o
        26          0          0          0          0          0   __scatter_copy.o
        28          0          0          0          0          0   __scatter_zi.o
        22          0          0          0          0        100   _rserrno.o
        18          0          0          0          0         80   exit.o
         6          0          0          0          0        152   heapauxi.o
         0          0          0          0          0          0   indicate_semi.o
         2          0          0          0          0          0   libinit.o
         2          0          0          0          0          0   libinit2.o
         2          0          0          0          0          0   libshutdown.o
         2          0          0          0          0          0   libshutdown2.o
         8          4          0          0         96         68   libspace.o
         8          4          0          0          0         68   rt_errno_addr_intlibspace.o
         2          0          0          0          0          0   rtexit.o
        10          0          0          0          0          0   rtexit2.o
        12          4          0          0          0         68   sys_exit.o
        74          0          0          0          0         80   sys_stackheap_outer.o
         2          0          0          0          0         68   use_no_semi.o
       450          8          0          0          0        236   faddsub_clz.o
        12          4          0          0          0         68   fcheck1.o
       388         76          0          0          0         96   fdiv.o
        48          0          0          0          0         68   fflt_clz.o
       258          4          0          0          0         84   fmul.o
       140          4          0          0          0         84   fnaninf.o
        10          0          0          0          0         68   fretinf.o
       272        100          0          0          0         88   fsqrt.o
       100          0          0          0          0         68   retnan.o
        76          0          0          0          0         68   scalbnf.o
        48          0          0          0          0         68   trapv.o
         0          0          0          0          0          0   usenofp.o
       676         78          0          0          0        116   atan2f.o
        38          0          0          0          0         68   fpclassifyf.o
        14          0          0          0          0        136   funder.o
        44          0          0          0          0         80   sqrtf.o

    ----------------------------------------------------------------------
      2880        294          0          0        100       2148   Library Totals
         4          0          0          0          4          0   (incl. Padding)

    ----------------------------------------------------------------------

      Code (inc. data)   RO Data    RW Data    ZI Data      Debug   Library Name

       302         20          0          0         96        752   c_w.l
      1802        196          0          0          0        996   fz_ws.l
       772         78          0          0          0        400   m_ws.l

    ----------------------------------------------------------------------
      2880        294          0          0        100       2148   Library Totals

    ----------------------------------------------------------------------

==============================================================================


      Code (inc. data)   RO Data    RW Data    ZI Data      Debug   

      8242        784       1798         44       1684     313188   Grand Totals
      8242        784       1798         44       1684     313188   ELF Image Totals
      8242        784       1798         44          0          0   ROM Totals

==============================================================================

    Total RO  Size (Code + RO Data)                10040 (   9.80kB)
    Total RW  Size (RW Data + ZI Data)              1728 (   1.69kB)
    Total ROM Size (Code + RO Data + RW Data)      10084 (   9.85kB)

==============================================================================

